main.c:164:6:setMicRead	32	static
main.c:179:6:setPotentiometerRead	32	static
main.c:194:6:readAvgMicrophoneInput	16	static
main.c:204:5:getFrequencyOfTone	4168	static
main.c:241:11:sineWaveGenerator	40	static
main.c:269:6:screenClear	16	static
main.c:278:6:invisibleCursor	16	static
main.c:286:6:printWelcomeScreen	8	static
main.c:294:6:printGame	24	static
main.c:314:6:printNewDesiredTone	16	static
main.c:331:6:printGameOver	16	static
main.c:382:6:HAL_ADC_ConvCpltCallback	16	static
main.c:400:6:HAL_ADC_ConvHalfCpltCallback	16	static
main.c:416:6:HAL_DAC_ConvCpltCallbackCh1	16	static
main.c:436:5:main	112	static
main.c:676:6:SystemClock_Config	248	static
main.c:739:13:MX_NVIC_Init	8	static
main.c:763:13:MX_ADC1_Init	32	static
main.c:819:13:MX_DAC1_Init	48	static
main.c:861:13:MX_TIM2_Init	40	static
main.c:906:13:MX_TIM3_Init	40	static
main.c:951:13:MX_USART1_UART_Init	8	static
main.c:997:13:MX_DMA_Init	16	static
main.c:1011:13:MX_GPIO_Init	48	static
main.c:1040:6:startUART	24	static
main.c:1137:6:startSpeaker	32	static
main.c:1193:6:checkCycleComplete	24	static
main.c:1251:6:HAL_TIM_PeriodElapsedCallback	16	static
main.c:1281:6:Error_Handler	4	static,ignoring_inline_asm
