Archive member included to satisfy reference by file (symbol)

/home/dan/STM32CubeIDE/workspace_1.5.1/444_Project_Group12/Project/Core/Lib/libarm_cortexM4lf_math.a(arm_rfft_fast_init_f32.o)
                              Core/Src/main.o (arm_rfft_fast_init_f32)
/home/dan/STM32CubeIDE/workspace_1.5.1/444_Project_Group12/Project/Core/Lib/libarm_cortexM4lf_math.a(arm_rfft_fast_f32.o)
                              Core/Src/main.o (arm_rfft_fast_f32)
/home/dan/STM32CubeIDE/workspace_1.5.1/444_Project_Group12/Project/Core/Lib/libarm_cortexM4lf_math.a(arm_cfft_f32.o)
                              /home/dan/STM32CubeIDE/workspace_1.5.1/444_Project_Group12/Project/Core/Lib/libarm_cortexM4lf_math.a(arm_rfft_fast_f32.o) (arm_cfft_f32)
/home/dan/STM32CubeIDE/workspace_1.5.1/444_Project_Group12/Project/Core/Lib/libarm_cortexM4lf_math.a(arm_bitreversal2.o)
                              /home/dan/STM32CubeIDE/workspace_1.5.1/444_Project_Group12/Project/Core/Lib/libarm_cortexM4lf_math.a(arm_cfft_f32.o) (arm_bitreversal_32)
/home/dan/STM32CubeIDE/workspace_1.5.1/444_Project_Group12/Project/Core/Lib/libarm_cortexM4lf_math.a(arm_sin_f32.o)
                              Core/Src/main.o (arm_sin_f32)
/home/dan/STM32CubeIDE/workspace_1.5.1/444_Project_Group12/Project/Core/Lib/libarm_cortexM4lf_math.a(arm_common_tables.o)
                              /home/dan/STM32CubeIDE/workspace_1.5.1/444_Project_Group12/Project/Core/Lib/libarm_cortexM4lf_math.a(arm_sin_f32.o) (sinTable_f32)
/home/dan/STM32CubeIDE/workspace_1.5.1/444_Project_Group12/Project/Core/Lib/libarm_cortexM4lf_math.a(arm_cfft_radix8_f32.o)
                              /home/dan/STM32CubeIDE/workspace_1.5.1/444_Project_Group12/Project/Core/Lib/libarm_cortexM4lf_math.a(arm_cfft_f32.o) (arm_radix8_butterfly_f32)
/home/dan/st/stm32cubeide_1.5.1/plugins/com.st.stm32cube.ide.mcu.externaltools.gnu-tools-for-stm32.7-2018-q2-update.linux64_1.5.0.202011040924/tools/bin/../lib/gcc/arm-none-eabi/7.3.1/../../../../arm-none-eabi/lib/thumb/v7e-m/fpv4-sp/hard/libc_nano.a(lib_a-errno.o)
                              Core/Src/syscalls.o (__errno)
/home/dan/st/stm32cubeide_1.5.1/plugins/com.st.stm32cube.ide.mcu.externaltools.gnu-tools-for-stm32.7-2018-q2-update.linux64_1.5.0.202011040924/tools/bin/../lib/gcc/arm-none-eabi/7.3.1/../../../../arm-none-eabi/lib/thumb/v7e-m/fpv4-sp/hard/libc_nano.a(lib_a-exit.o)
                              /home/dan/st/stm32cubeide_1.5.1/plugins/com.st.stm32cube.ide.mcu.externaltools.gnu-tools-for-stm32.7-2018-q2-update.linux64_1.5.0.202011040924/tools/bin/../lib/gcc/arm-none-eabi/7.3.1/../../../../arm-none-eabi/lib/thumb/v7e-m/fpv4-sp/hard/crt0.o (exit)
/home/dan/st/stm32cubeide_1.5.1/plugins/com.st.stm32cube.ide.mcu.externaltools.gnu-tools-for-stm32.7-2018-q2-update.linux64_1.5.0.202011040924/tools/bin/../lib/gcc/arm-none-eabi/7.3.1/../../../../arm-none-eabi/lib/thumb/v7e-m/fpv4-sp/hard/libc_nano.a(lib_a-impure.o)
                              /home/dan/st/stm32cubeide_1.5.1/plugins/com.st.stm32cube.ide.mcu.externaltools.gnu-tools-for-stm32.7-2018-q2-update.linux64_1.5.0.202011040924/tools/bin/../lib/gcc/arm-none-eabi/7.3.1/../../../../arm-none-eabi/lib/thumb/v7e-m/fpv4-sp/hard/libc_nano.a(lib_a-exit.o) (_global_impure_ptr)
/home/dan/st/stm32cubeide_1.5.1/plugins/com.st.stm32cube.ide.mcu.externaltools.gnu-tools-for-stm32.7-2018-q2-update.linux64_1.5.0.202011040924/tools/bin/../lib/gcc/arm-none-eabi/7.3.1/../../../../arm-none-eabi/lib/thumb/v7e-m/fpv4-sp/hard/libc_nano.a(lib_a-init.o)
                              /home/dan/st/stm32cubeide_1.5.1/plugins/com.st.stm32cube.ide.mcu.externaltools.gnu-tools-for-stm32.7-2018-q2-update.linux64_1.5.0.202011040924/tools/bin/../lib/gcc/arm-none-eabi/7.3.1/../../../../arm-none-eabi/lib/thumb/v7e-m/fpv4-sp/hard/crt0.o (__libc_init_array)
/home/dan/st/stm32cubeide_1.5.1/plugins/com.st.stm32cube.ide.mcu.externaltools.gnu-tools-for-stm32.7-2018-q2-update.linux64_1.5.0.202011040924/tools/bin/../lib/gcc/arm-none-eabi/7.3.1/../../../../arm-none-eabi/lib/thumb/v7e-m/fpv4-sp/hard/libc_nano.a(lib_a-malloc.o)
                              Core/Src/main.o (malloc)
/home/dan/st/stm32cubeide_1.5.1/plugins/com.st.stm32cube.ide.mcu.externaltools.gnu-tools-for-stm32.7-2018-q2-update.linux64_1.5.0.202011040924/tools/bin/../lib/gcc/arm-none-eabi/7.3.1/../../../../arm-none-eabi/lib/thumb/v7e-m/fpv4-sp/hard/libc_nano.a(lib_a-memcpy-stub.o)
                              Core/Src/main.o (memcpy)
/home/dan/st/stm32cubeide_1.5.1/plugins/com.st.stm32cube.ide.mcu.externaltools.gnu-tools-for-stm32.7-2018-q2-update.linux64_1.5.0.202011040924/tools/bin/../lib/gcc/arm-none-eabi/7.3.1/../../../../arm-none-eabi/lib/thumb/v7e-m/fpv4-sp/hard/libc_nano.a(lib_a-memset.o)
                              /home/dan/st/stm32cubeide_1.5.1/plugins/com.st.stm32cube.ide.mcu.externaltools.gnu-tools-for-stm32.7-2018-q2-update.linux64_1.5.0.202011040924/tools/bin/../lib/gcc/arm-none-eabi/7.3.1/../../../../arm-none-eabi/lib/thumb/v7e-m/fpv4-sp/hard/crt0.o (memset)
[...]
Memory Configuration

Name             Origin             Length             Attributes
RAM              0x0000000020000000 0x00000000000a0000 xrw
FLASH            0x0000000008000000 0x0000000000200000 xr
*default*        0x0000000000000000 0xffffffffffffffff

Linker script and memory map

LOAD /home/dan/st/stm32cubeide_1.5.1/plugins/com.st.stm32cube.ide.mcu.externaltools.gnu-tools-for-stm32.7-2018-q2-update.linux64_1.5.0.202011040924/tools/bin/../lib/gcc/arm-none-eabi/7.3.1/thumb/v7e-m/fpv4-sp/hard/crti.o
LOAD /home/dan/st/stm32cubeide_1.5.1/plugins/com.st.stm32cube.ide.mcu.externaltools.gnu-tools-for-stm32.7-2018-q2-update.linux64_1.5.0.202011040924/tools/bin/../lib/gcc/arm-none-eabi/7.3.1/thumb/v7e-m/fpv4-sp/hard/crtbegin.o
LOAD /home/dan/st/stm32cubeide_1.5.1/plugins/com.st.stm32cube.ide.mcu.externaltools.gnu-tools-for-stm32.7-2018-q2-update.linux64_1.5.0.202011040924/tools/bin/../lib/gcc/arm-none-eabi/7.3.1/../../../../arm-none-eabi/lib/thumb/v7e-m/fpv4-sp/hard/crt0.o
LOAD Core/Src/freertos.o
LOAD Core/Src/main.o
LOAD Core/Src/stm32l4xx_hal_msp.o
LOAD Core/Src/stm32l4xx_hal_timebase_tim.o
LOAD Core/Src/stm32l4xx_it.o
LOAD Core/Src/syscalls.o
LOAD Core/Src/sysmem.o
LOAD Core/Src/system_stm32l4xx.o
LOAD Core/Startup/startup_stm32l4s5vitx.o
LOAD Drivers/STM32L4xx_HAL_Driver/Src/stm32l4xx_hal.o
LOAD Drivers/STM32L4xx_HAL_Driver/Src/stm32l4xx_hal_adc.o
LOAD Drivers/STM32L4xx_HAL_Driver/Src/stm32l4xx_hal_adc_ex.o
LOAD Drivers/STM32L4xx_HAL_Driver/Src/stm32l4xx_hal_cortex.o
LOAD Drivers/STM32L4xx_HAL_Driver/Src/stm32l4xx_hal_dac.o
LOAD Drivers/STM32L4xx_HAL_Driver/Src/stm32l4xx_hal_dac_ex.o
LOAD Drivers/STM32L4xx_HAL_Driver/Src/stm32l4xx_hal_dma.o
LOAD Drivers/STM32L4xx_HAL_Driver/Src/stm32l4xx_hal_dma_ex.o
LOAD Drivers/STM32L4xx_HAL_Driver/Src/stm32l4xx_hal_exti.o
LOAD Drivers/STM32L4xx_HAL_Driver/Src/stm32l4xx_hal_flash.o
LOAD Drivers/STM32L4xx_HAL_Driver/Src/stm32l4xx_hal_flash_ex.o
LOAD Drivers/STM32L4xx_HAL_Driver/Src/stm32l4xx_hal_flash_ramfunc.o
LOAD Drivers/STM32L4xx_HAL_Driver/Src/stm32l4xx_hal_gpio.o
LOAD Drivers/STM32L4xx_HAL_Driver/Src/stm32l4xx_hal_i2c.o
LOAD Drivers/STM32L4xx_HAL_Driver/Src/stm32l4xx_hal_i2c_ex.o
LOAD Drivers/STM32L4xx_HAL_Driver/Src/stm32l4xx_hal_pwr.o
LOAD Drivers/STM32L4xx_HAL_Driver/Src/stm32l4xx_hal_pwr_ex.o
LOAD Drivers/STM32L4xx_HAL_Driver/Src/stm32l4xx_hal_rcc.o
LOAD Drivers/STM32L4xx_HAL_Driver/Src/stm32l4xx_hal_rcc_ex.o
LOAD Drivers/STM32L4xx_HAL_Driver/Src/stm32l4xx_hal_tim.o
LOAD Drivers/STM32L4xx_HAL_Driver/Src/stm32l4xx_hal_tim_ex.o
LOAD Drivers/STM32L4xx_HAL_Driver/Src/stm32l4xx_hal_uart.o
LOAD Drivers/STM32L4xx_HAL_Driver/Src/stm32l4xx_hal_uart_ex.o
LOAD Middlewares/Third_Party/FreeRTOS/Source/CMSIS_RTOS/cmsis_os.o
LOAD Middlewares/Third_Party/FreeRTOS/Source/croutine.o
LOAD Middlewares/Third_Party/FreeRTOS/Source/event_groups.o
LOAD Middlewares/Third_Party/FreeRTOS/Source/list.o
LOAD Middlewares/Third_Party/FreeRTOS/Source/queue.o
LOAD Middlewares/Third_Party/FreeRTOS/Source/stream_buffer.o
LOAD Middlewares/Third_Party/FreeRTOS/Source/tasks.o
LOAD Middlewares/Third_Party/FreeRTOS/Source/timers.o
LOAD Middlewares/Third_Party/FreeRTOS/Source/portable/GCC/ARM_CM4F/port.o
LOAD Middlewares/Third_Party/FreeRTOS/Source/portable/MemMang/heap_4.o
LOAD /home/dan/STM32CubeIDE/workspace_1.5.1/444_Project_Group12/Project/Core/Lib/libarm_cortexM4lf_math.a
START GROUP
LOAD /home/dan/st/stm32cubeide_1.5.1/plugins/com.st.stm32cube.ide.mcu.externaltools.gnu-tools-for-stm32.7-2018-q2-update.linux64_1.5.0.202011040924/tools/bin/../lib/gcc/arm-none-eabi/7.3.1/../../../../arm-none-eabi/lib/thumb/v7e-m/fpv4-sp/hard/libc_nano.a
LOAD /home/dan/st/stm32cubeide_1.5.1/plugins/com.st.stm32cube.ide.mcu.externaltools.gnu-tools-for-stm32.7-2018-q2-update.linux64_1.5.0.202011040924/tools/bin/../lib/gcc/arm-none-eabi/7.3.1/../../../../arm-none-eabi/lib/thumb/v7e-m/fpv4-sp/hard/libm.a
END GROUP
START GROUP
LOAD /home/dan/st/stm32cubeide_1.5.1/plugins/com.st.stm32cube.ide.mcu.externaltools.gnu-tools-for-stm32.7-2018-q2-update.linux64_1.5.0.202011040924/tools/bin/../lib/gcc/arm-none-eabi/7.3.1/thumb/v7e-m/fpv4-sp/hard/libgcc.a
LOAD /home/dan/st/stm32cubeide_1.5.1/plugins/com.st.stm32cube.ide.mcu.externaltools.gnu-tools-for-stm32.7-2018-q2-update.linux64_1.5.0.202011040924/tools/bin/../lib/gcc/arm-none-eabi/7.3.1/../../../../arm-none-eabi/lib/thumb/v7e-m/fpv4-sp/hard/libc_nano.a
END GROUP
START GROUP
LOAD /home/dan/st/stm32cubeide_1.5.1/plugins/com.st.stm32cube.ide.mcu.externaltools.gnu-tools-for-stm32.7-2018-q2-update.linux64_1.5.0.202011040924/tools/bin/../lib/gcc/arm-none-eabi/7.3.1/thumb/v7e-m/fpv4-sp/hard/libgcc.a
LOAD /home/dan/st/stm32cubeide_1.5.1/plugins/com.st.stm32cube.ide.mcu.externaltools.gnu-tools-for-stm32.7-2018-q2-update.linux64_1.5.0.202011040924/tools/bin/../lib/gcc/arm-none-eabi/7.3.1/../../../../arm-none-eabi/lib/thumb/v7e-m/fpv4-sp/hard/libc_nano.a
LOAD /home/dan/st/stm32cubeide_1.5.1/plugins/com.st.stm32cube.ide.mcu.externaltools.gnu-tools-for-stm32.7-2018-q2-update.linux64_1.5.0.202011040924/tools/bin/../lib/gcc/arm-none-eabi/7.3.1/../../../../arm-none-eabi/lib/thumb/v7e-m/fpv4-sp/hard/libnosys.a
END GROUP
START GROUP
LOAD /home/dan/st/stm32cubeide_1.5.1/plugins/com.st.stm32cube.ide.mcu.externaltools.gnu-tools-for-stm32.7-2018-q2-update.linux64_1.5.0.202011040924/tools/bin/../lib/gcc/arm-none-eabi/7.3.1/thumb/v7e-m/fpv4-sp/hard/libgcc.a
LOAD /home/dan/st/stm32cubeide_1.5.1/plugins/com.st.stm32cube.ide.mcu.externaltools.gnu-tools-for-stm32.7-2018-q2-update.linux64_1.5.0.202011040924/tools/bin/../lib/gcc/arm-none-eabi/7.3.1/../../../../arm-none-eabi/lib/thumb/v7e-m/fpv4-sp/hard/libc_nano.a
LOAD /home/dan/st/stm32cubeide_1.5.1/plugins/com.st.stm32cube.ide.mcu.externaltools.gnu-tools-for-stm32.7-2018-q2-update.linux64_1.5.0.202011040924/tools/bin/../lib/gcc/arm-none-eabi/7.3.1/../../../../arm-none-eabi/lib/thumb/v7e-m/fpv4-sp/hard/libnosys.a
END GROUP
LOAD /home/dan/st/stm32cubeide_1.5.1/plugins/com.st.stm32cube.ide.mcu.externaltools.gnu-tools-for-stm32.7-2018-q2-update.linux64_1.5.0.202011040924/tools/bin/../lib/gcc/arm-none-eabi/7.3.1/thumb/v7e-m/fpv4-sp/hard/crtend.o
LOAD /home/dan/st/stm32cubeide_1.5.1/plugins/com.st.stm32cube.ide.mcu.externaltools.gnu-tools-for-stm32.7-2018-q2-update.linux64_1.5.0.202011040924/tools/bin/../lib/gcc/arm-none-eabi/7.3.1/thumb/v7e-m/fpv4-sp/hard/crtn.o
                0x00000000200a0000                _estack = (ORIGIN (RAM) + LENGTH (RAM))
                0x0000000000000200                _Min_Heap_Size = 0x200
                0x0000000000000400                _Min_Stack_Size = 0x400

.isr_vector     0x0000000008000000      0x1bc
                0x0000000008000000                . = ALIGN (0x4)
 *(.isr_vector)
 .isr_vector    0x0000000008000000      0x1bc Core/Startup/startup_stm32l4s5vitx.o
                0x0000000008000000                g_pfnVectors
                0x00000000080001bc                . = ALIGN (0x4)

.text           0x00000000080001c0     0xc874
                0x00000000080001c0                . = ALIGN (0x4)
 *(.text)
 .text          0x00000000080001c0       0x40 /home/dan/st/stm32cubeide_1.5.1/plugins/com.st.stm32cube.ide.mcu.externaltools.gnu-tools-for-stm32.7-2018-q2-update.linux64_1.5.0.202011040924/tools/bin/../lib/gcc/arm-none-eabi/7.3.1/thumb/v7e-m/fpv4-sp/hard/crtbegin.o
 .text          0x0000000008000200       0xa0 /home/dan/st/stm32cubeide_1.5.1/plugins/com.st.stm32cube.ide.mcu.externaltools.gnu-tools-for-stm32.7-2018-q2-update.linux64_1.5.0.202011040924/tools/bin/../lib/gcc/arm-none-eabi/7.3.1/../../../../arm-none-eabi/lib/thumb/v7e-m/fpv4-sp/hard/libc_nano.a(lib_a-memchr.o)
                0x0000000008000200                memchr
 .text          0x00000000080002a0      0x378 /home/dan/st/stm32cubeide_1.5.1/plugins/com.st.stm32cube.ide.mcu.externaltools.gnu-tools-for-stm32.7-2018-q2-update.linux64_1.5.0.202011040924/tools/bin/../lib/gcc/arm-none-eabi/7.3.1/thumb/v7e-m/fpv4-sp/hard/libgcc.a(_arm_addsubdf3.o)
                0x00000000080002a0                __aeabi_drsub
                0x00000000080002a8                __aeabi_dsub
                0x00000000080002a8                __subdf3
                0x00000000080002ac                __adddf3
                0x00000000080002ac                __aeabi_dadd
                0x0000000008000524                __aeabi_ui2d
                0x0000000008000524                __floatunsidf
                0x0000000008000544                __floatsidf
                0x0000000008000544                __aeabi_i2d
                0x0000000008000568                __extendsfdf2
                0x0000000008000568                __aeabi_f2d
                0x00000000080005ac                __aeabi_ul2d
                0x00000000080005ac                __floatundidf
                0x00000000080005bc                __floatdidf
                0x00000000080005bc                __aeabi_l2d
 .text          0x0000000008000618      0x424 /home/dan/st/stm32cubeide_1.5.1/plugins/com.st.stm32cube.ide.mcu.externaltools.gnu-tools-for-stm32.7-2018-q2-update.linux64_1.5.0.202011040924/tools/bin/../lib/gcc/arm-none-eabi/7.3.1/thumb/v7e-m/fpv4-sp/hard/libgcc.a(_arm_muldivdf3.o)
                0x0000000008000618                __aeabi_dmul
                0x0000000008000618                __muldf3
                0x000000000800086c                __aeabi_ddiv
                0x000000000800086c                __divdf3
 .text          0x0000000008000a3c      0x110 /home/dan/st/stm32cubeide_1.5.1/plugins/com.st.stm32cube.ide.mcu.externaltools.gnu-tools-for-stm32.7-2018-q2-update.linux64_1.5.0.202011040924/tools/bin/../lib/gcc/arm-none-eabi/7.3.1/thumb/v7e-m/fpv4-sp/hard/libgcc.a(_arm_cmpdf2.o)
                0x0000000008000a3c                __gtdf2
                0x0000000008000a3c                __gedf2
                0x0000000008000a44                __ltdf2
                0x0000000008000a44                __ledf2
                0x0000000008000a4c                __cmpdf2
                0x0000000008000a4c                __eqdf2
                0x0000000008000a4c                __nedf2
                0x0000000008000ac8                __aeabi_cdrcmple
                0x0000000008000ad8                __aeabi_cdcmple
                0x0000000008000ad8                __aeabi_cdcmpeq
                0x0000000008000ae8                __aeabi_dcmpeq
                0x0000000008000afc                __aeabi_dcmplt
                0x0000000008000b10                __aeabi_dcmple
                0x0000000008000b24                __aeabi_dcmpge
                0x0000000008000b38                __aeabi_dcmpgt
 .text          0x0000000008000b4c       0x2c /home/dan/st/stm32cubeide_1.5.1/plugins/com.st.stm32cube.ide.mcu.externaltools.gnu-tools-for-stm32.7-2018-q2-update.linux64_1.5.0.202011040924/tools/bin/../lib/gcc/arm-none-eabi/7.3.1/thumb/v7e-m/fpv4-sp/hard/libgcc.a(_arm_unorddf2.o)
                0x0000000008000b4c                __aeabi_dcmpun
                0x0000000008000b4c                __unorddf2
 .text          0x0000000008000b78       0x50 /home/dan/st/stm32cubeide_1.5.1/plugins/com.st.stm32cube.ide.mcu.externaltools.gnu-tools-for-stm32.7-2018-q2-update.linux64_1.5.0.202011040924/tools/bin/../lib/gcc/arm-none-eabi/7.3.1/thumb/v7e-m/fpv4-sp/hard/libgcc.a(_arm_fixdfsi.o)
                0x0000000008000b78                __fixdfsi
                0x0000000008000b78                __aeabi_d2iz
 .text          0x0000000008000bc8       0xa0 /home/dan/st/stm32cubeide_1.5.1/plugins/com.st.stm32cube.ide.mcu.externaltools.gnu-tools-for-stm32.7-2018-q2-update.linux64_1.5.0.202011040924/tools/bin/../lib/gcc/arm-none-eabi/7.3.1/thumb/v7e-m/fpv4-sp/hard/libgcc.a(_arm_truncdfsf2.o)
                0x0000000008000bc8                __aeabi_d2f
                0x0000000008000bc8                __truncdfsf2
 .text          0x0000000008000c68       0x30 /home/dan/st/stm32cubeide_1.5.1/plugins/com.st.stm32cube.ide.mcu.externaltools.gnu-tools-for-stm32.7-2018-q2-update.linux64_1.5.0.202011040924/tools/bin/../lib/gcc/arm-none-eabi/7.3.1/thumb/v7e-m/fpv4-sp/hard/libgcc.a(_aeabi_uldivmod.o)
                0x0000000008000c68                __aeabi_uldivmod
 .text          0x0000000008000c98      0x2cc /home/dan/st/stm32cubeide_1.5.1/plugins/com.st.stm32cube.ide.mcu.externaltools.gnu-tools-for-stm32.7-2018-q2-update.linux64_1.5.0.202011040924/tools/bin/../lib/gcc/arm-none-eabi/7.3.1/thumb/v7e-m/fpv4-sp/hard/libgcc.a(_udivmoddi4.o)
                0x0000000008000c98                __udivmoddi4
 .text          0x0000000008000f64        0x4 /home/dan/st/stm32cubeide_1.5.1/plugins/com.st.stm32cube.ide.mcu.externaltools.gnu-tools-for-stm32.7-2018-q2-update.linux64_1.5.0.202011040924/tools/bin/../lib/gcc/arm-none-eabi/7.3.1/thumb/v7e-m/fpv4-sp/hard/libgcc.a(_dvmd_tls.o)
                0x0000000008000f64                __aeabi_ldiv0
                0x0000000008000f64                __aeabi_idiv0
 *(.text*)
 .text.vApplicationGetIdleTaskMemory
                0x0000000008000f68       0x34 Core/Src/freertos.o
                0x0000000008000f68                vApplicationGetIdleTaskMemory
 .text.readAvgMicrophoneInput
                0x0000000008000f9c       0x58 Core/Src/main.o
                0x0000000008000f9c                readAvgMicrophoneInput
 .text.getFrequencyOfTone
                0x0000000008000ff4      0x27e Core/Src/main.o
                0x0000000008000ff4                getFrequencyOfTone
 *fill*         0x0000000008001272        0x6 
 .text.sineWaveGenerator
                0x0000000008001278       0xbc Core/Src/main.o
                0x0000000008001278                sineWaveGenerator
 .text.screenClear
                0x0000000008001334       0x30 Core/Src/main.o
                0x0000000008001334                screenClear
 .text.invisibleCursor
                0x0000000008001364       0x30 Core/Src/main.o
                0x0000000008001364                invisibleCursor
 .text.printWelcomeScreen
                0x0000000008001394       0x48 Core/Src/main.o
                0x0000000008001394                printWelcomeScreen
 .text.printGame
                0x00000000080013dc       0x84 Core/Src/main.o
                0x00000000080013dc                printGame
 .text.printNewDesiredTone
                0x0000000008001460       0x68 Core/Src/main.o
                0x0000000008001460                printNewDesiredTone
 .text.printGameOver
                0x00000000080014c8       0x6c Core/Src/main.o
                0x00000000080014c8                printGameOver
 .text.HAL_ADC_ConvCpltCallback
                0x0000000008001534       0x2c Core/Src/main.o
                0x0000000008001534                HAL_ADC_ConvCpltCallback
 .text.HAL_ADC_ConvHalfCpltCallback
                0x0000000008001560       0x2c Core/Src/main.o
                0x0000000008001560                HAL_ADC_ConvHalfCpltCallback
 .text.HAL_DAC_ConvCpltCallbackCh1
                0x000000000800158c       0x14 Core/Src/main.o
                0x000000000800158c                HAL_DAC_ConvCpltCallbackCh1
 .text.main     0x00000000080015a0      0x1e4 Core/Src/main.o
                0x00000000080015a0                main
 .text.SystemClock_Config
                0x0000000008001784      0x114 Core/Src/main.o
                0x0000000008001784                SystemClock_Config
 .text.MX_NVIC_Init
                0x0000000008001898       0x58 Core/Src/main.o
 .text.MX_ADC1_Init
                0x00000000080018f0       0xcc Core/Src/main.o
 .text.MX_DAC1_Init
                0x00000000080019bc       0x68 Core/Src/main.o
 .text.MX_TIM2_Init
                0x0000000008001a24       0x9c Core/Src/main.o
 .text.MX_TIM3_Init
                0x0000000008001ac0       0xa0 Core/Src/main.o
 .text.MX_USART1_UART_Init
                0x0000000008001b60       0x98 Core/Src/main.o
 .text.MX_DMA_Init
                0x0000000008001bf8       0x48 Core/Src/main.o
 .text.MX_GPIO_Init
                0x0000000008001c40       0xa0 Core/Src/main.o
 .text.startUART
                0x0000000008001ce0      0x1e4 Core/Src/main.o
                0x0000000008001ce0                startUART
 .text.startSpeaker
                0x0000000008001ec4       0xa8 Core/Src/main.o
                0x0000000008001ec4                startSpeaker
 .text.checkCycleComplete
                0x0000000008001f6c       0xf4 Core/Src/main.o
                0x0000000008001f6c                checkCycleComplete
 .text.HAL_TIM_PeriodElapsedCallback
                0x0000000008002060       0x50 Core/Src/main.o
                0x0000000008002060                HAL_TIM_PeriodElapsedCallback
 .text.Error_Handler
                0x00000000080020b0        0x8 Core/Src/main.o
                0x00000000080020b0                Error_Handler
 .text.HAL_MspInit
                0x00000000080020b8       0x50 Core/Src/stm32l4xx_hal_msp.o
                0x00000000080020b8                HAL_MspInit
 .text.HAL_ADC_MspInit
                0x0000000008002108       0xdc Core/Src/stm32l4xx_hal_msp.o
                0x0000000008002108                HAL_ADC_MspInit
 .text.HAL_DAC_MspInit
                0x00000000080021e4       0xec Core/Src/stm32l4xx_hal_msp.o
                0x00000000080021e4                HAL_DAC_MspInit
 .text.HAL_TIM_Base_MspInit
                0x00000000080022d0       0x64 Core/Src/stm32l4xx_hal_msp.o
                0x00000000080022d0                HAL_TIM_Base_MspInit
 .text.HAL_UART_MspInit
                0x0000000008002334       0x88 Core/Src/stm32l4xx_hal_msp.o
                0x0000000008002334                HAL_UART_MspInit
 .text.HAL_InitTick
                0x00000000080023bc       0xac Core/Src/stm32l4xx_hal_timebase_tim.o
                0x00000000080023bc                HAL_InitTick
 .text.NMI_Handler
                0x0000000008002468        0x6 Core/Src/stm32l4xx_it.o
                0x0000000008002468                NMI_Handler
 .text.HardFault_Handler
                0x000000000800246e        0x6 Core/Src/stm32l4xx_it.o
                0x000000000800246e                HardFault_Handler
 .text.MemManage_Handler
                0x0000000008002474        0x6 Core/Src/stm32l4xx_it.o
                0x0000000008002474                MemManage_Handler
 .text.BusFault_Handler
                0x000000000800247a        0x6 Core/Src/stm32l4xx_it.o
                0x000000000800247a                BusFault_Handler
 .text.UsageFault_Handler
                0x0000000008002480        0x6 Core/Src/stm32l4xx_it.o
                0x0000000008002480                UsageFault_Handler
 .text.DebugMon_Handler
                0x0000000008002486        0xe Core/Src/stm32l4xx_it.o
                0x0000000008002486                DebugMon_Handler
 .text.DMA1_Channel1_IRQHandler
                0x0000000008002494       0x14 Core/Src/stm32l4xx_it.o
                0x0000000008002494                DMA1_Channel1_IRQHandler
 .text.DMA1_Channel3_IRQHandler
                0x00000000080024a8       0x14 Core/Src/stm32l4xx_it.o
                0x00000000080024a8                DMA1_Channel3_IRQHandler
 .text.ADC1_IRQHandler
                0x00000000080024bc       0x14 Core/Src/stm32l4xx_it.o
                0x00000000080024bc                ADC1_IRQHandler
 .text.TIM2_IRQHandler
                0x00000000080024d0       0x14 Core/Src/stm32l4xx_it.o
                0x00000000080024d0                TIM2_IRQHandler
 .text.TIM3_IRQHandler
                0x00000000080024e4       0x14 Core/Src/stm32l4xx_it.o
                0x00000000080024e4                TIM3_IRQHandler
 .text.TIM6_DAC_IRQHandler
                0x00000000080024f8       0x1c Core/Src/stm32l4xx_it.o
                0x00000000080024f8                TIM6_DAC_IRQHandler
 .text._sbrk    0x0000000008002514       0x6c Core/Src/sysmem.o
                0x0000000008002514                _sbrk
 .text.SystemInit
                0x0000000008002580       0x6c Core/Src/system_stm32l4xx.o
                0x0000000008002580                SystemInit
 .text.Reset_Handler
                0x00000000080025ec       0x50 Core/Startup/startup_stm32l4s5vitx.o
                0x00000000080025ec                Reset_Handler
 .text.Default_Handler
                0x000000000800263c        0x2 Core/Startup/startup_stm32l4s5vitx.o
                0x000000000800263c                RTC_Alarm_IRQHandler
                0x000000000800263c                EXTI2_IRQHandler
                0x000000000800263c                TIM8_TRG_COM_IRQHandler
                0x000000000800263c                TIM8_CC_IRQHandler
                0x000000000800263c                TIM1_CC_IRQHandler
                0x000000000800263c                TSC_IRQHandler
                0x000000000800263c                TAMP_STAMP_IRQHandler
                0x000000000800263c                EXTI3_IRQHandler
                0x000000000800263c                LPTIM2_IRQHandler
                0x000000000800263c                DFSDM1_FLT1_IRQHandler
                0x000000000800263c                GFXMMU_IRQHandler
                0x000000000800263c                I2C3_ER_IRQHandler
                0x000000000800263c                DFSDM1_FLT2_IRQHandler
                0x000000000800263c                EXTI0_IRQHandler
                0x000000000800263c                I2C2_EV_IRQHandler
                0x000000000800263c                CAN1_RX0_IRQHandler
                0x000000000800263c                FPU_IRQHandler
                0x000000000800263c                TIM1_UP_TIM16_IRQHandler
                0x000000000800263c                LTDC_ER_IRQHandler
                0x000000000800263c                SPI1_IRQHandler
                0x000000000800263c                OCTOSPI1_IRQHandler
                0x000000000800263c                DCMI_IRQHandler
                0x000000000800263c                TIM8_UP_IRQHandler
                0x000000000800263c                OCTOSPI2_IRQHandler
                0x000000000800263c                DMA2_Channel2_IRQHandler
                0x000000000800263c                DMA1_Channel4_IRQHandler
                0x000000000800263c                SAI2_IRQHandler
                0x000000000800263c                DFSDM1_FLT3_IRQHandler
                0x000000000800263c                USART3_IRQHandler
                0x000000000800263c                DMA1_Channel7_IRQHandler
                0x000000000800263c                CAN1_RX1_IRQHandler
                0x000000000800263c                UART5_IRQHandler
                0x000000000800263c                TIM4_IRQHandler
                0x000000000800263c                DMA2_Channel1_IRQHandler
                0x000000000800263c                I2C1_EV_IRQHandler
                0x000000000800263c                DMAMUX1_OVR_IRQHandler
                0x000000000800263c                DMA1_Channel6_IRQHandler
                0x000000000800263c                UART4_IRQHandler
                0x000000000800263c                DMA2_Channel4_IRQHandler
                0x000000000800263c                RCC_IRQHandler
                0x000000000800263c                Default_Handler
                0x000000000800263c                DMA2_Channel7_IRQHandler
                0x000000000800263c                EXTI15_10_IRQHandler
                0x000000000800263c                TIM7_IRQHandler
                0x000000000800263c                SDMMC1_IRQHandler
                0x000000000800263c                TIM5_IRQHandler
                0x000000000800263c                I2C3_EV_IRQHandler
                0x000000000800263c                EXTI9_5_IRQHandler
                0x000000000800263c                RTC_WKUP_IRQHandler
                0x000000000800263c                LTDC_IRQHandler
                0x000000000800263c                PVD_PVM_IRQHandler
                0x000000000800263c                SPI2_IRQHandler
                0x000000000800263c                CAN1_TX_IRQHandler
                0x000000000800263c                DMA2_Channel5_IRQHandler
                0x000000000800263c                DMA1_Channel5_IRQHandler
                0x000000000800263c                EXTI4_IRQHandler
                0x000000000800263c                RNG_IRQHandler
                0x000000000800263c                TIM1_TRG_COM_TIM17_IRQHandler
                0x000000000800263c                COMP_IRQHandler
                0x000000000800263c                HASH_CRS_IRQHandler
                0x000000000800263c                WWDG_IRQHandler
                0x000000000800263c                I2C4_EV_IRQHandler
                0x000000000800263c                LPUART1_IRQHandler
                0x000000000800263c                DMA2_Channel6_IRQHandler
                0x000000000800263c                DMA2D_IRQHandler
                0x000000000800263c                EXTI1_IRQHandler
                0x000000000800263c                AES_IRQHandler
                0x000000000800263c                USART2_IRQHandler
                0x000000000800263c                DFSDM1_FLT0_IRQHandler
                0x000000000800263c                I2C2_ER_IRQHandler
                0x000000000800263c                DMA1_Channel2_IRQHandler
                0x000000000800263c                TIM8_BRK_IRQHandler
                0x000000000800263c                CAN1_SCE_IRQHandler
                0x000000000800263c                FLASH_IRQHandler
                0x000000000800263c                USART1_IRQHandler
                0x000000000800263c                OTG_FS_IRQHandler
                0x000000000800263c                SPI3_IRQHandler
                0x000000000800263c                I2C1_ER_IRQHandler
                0x000000000800263c                FMC_IRQHandler
                0x000000000800263c                LPTIM1_IRQHandler
                0x000000000800263c                I2C4_ER_IRQHandler
                0x000000000800263c                SAI1_IRQHandler
                0x000000000800263c                DMA2_Channel3_IRQHandler
                0x000000000800263c                TIM1_BRK_TIM15_IRQHandler
 .text.HAL_Init
                0x000000000800263e       0x30 Drivers/STM32L4xx_HAL_Driver/Src/stm32l4xx_hal.o
                0x000000000800263e                HAL_Init
 *fill*         0x000000000800266e        0x2 
 .text.HAL_IncTick
                0x0000000008002670       0x28 Drivers/STM32L4xx_HAL_Driver/Src/stm32l4xx_hal.o
                0x0000000008002670                HAL_IncTick
 .text.HAL_GetTick
                0x0000000008002698       0x18 Drivers/STM32L4xx_HAL_Driver/Src/stm32l4xx_hal.o
                0x0000000008002698                HAL_GetTick
 .text.HAL_Delay
                0x00000000080026b0       0x44 Drivers/STM32L4xx_HAL_Driver/Src/stm32l4xx_hal.o
                0x00000000080026b0                HAL_Delay
 .text.LL_ADC_SetCommonClock
                0x00000000080026f4       0x26 Drivers/STM32L4xx_HAL_Driver/Src/stm32l4xx_hal_adc.o
 .text.LL_ADC_SetCommonPathInternalCh
                0x000000000800271a       0x26 Drivers/STM32L4xx_HAL_Driver/Src/stm32l4xx_hal_adc.o
 .text.LL_ADC_GetCommonPathInternalCh
                0x0000000008002740       0x1c Drivers/STM32L4xx_HAL_Driver/Src/stm32l4xx_hal_adc.o
 .text.LL_ADC_SetOffset
                0x000000000800275c       0x48 Drivers/STM32L4xx_HAL_Driver/Src/stm32l4xx_hal_adc.o
 .text.LL_ADC_GetOffsetChannel
                0x00000000080027a4       0x2c Drivers/STM32L4xx_HAL_Driver/Src/stm32l4xx_hal_adc.o
 .text.LL_ADC_SetOffsetState
                0x00000000080027d0       0x36 Drivers/STM32L4xx_HAL_Driver/Src/stm32l4xx_hal_adc.o
 .text.LL_ADC_SetSamplingTimeCommonConfig
                0x0000000008002806       0x26 Drivers/STM32L4xx_HAL_Driver/Src/stm32l4xx_hal_adc.o
 .text.LL_ADC_REG_IsTriggerSourceSWStart
                0x000000000800282c       0x26 Drivers/STM32L4xx_HAL_Driver/Src/stm32l4xx_hal_adc.o
 .text.LL_ADC_REG_SetSequencerRanks
                0x0000000008002852       0x58 Drivers/STM32L4xx_HAL_Driver/Src/stm32l4xx_hal_adc.o
 .text.LL_ADC_INJ_IsTriggerSourceSWStart
                0x00000000080028aa       0x26 Drivers/STM32L4xx_HAL_Driver/Src/stm32l4xx_hal_adc.o
 .text.LL_ADC_SetChannelSamplingTime
                0x00000000080028d0       0x56 Drivers/STM32L4xx_HAL_Driver/Src/stm32l4xx_hal_adc.o
 *fill*         0x0000000008002926        0x2 
 .text.LL_ADC_SetChannelSingleDiff
                0x0000000008002928       0x48 Drivers/STM32L4xx_HAL_Driver/Src/stm32l4xx_hal_adc.o
 .text.LL_ADC_DisableDeepPowerDown
                0x0000000008002970       0x24 Drivers/STM32L4xx_HAL_Driver/Src/stm32l4xx_hal_adc.o
 .text.LL_ADC_IsDeepPowerDownEnabled
                0x0000000008002994       0x28 Drivers/STM32L4xx_HAL_Driver/Src/stm32l4xx_hal_adc.o
 .text.LL_ADC_EnableInternalRegulator
                0x00000000080029bc       0x28 Drivers/STM32L4xx_HAL_Driver/Src/stm32l4xx_hal_adc.o
 .text.LL_ADC_IsInternalRegulatorEnabled
                0x00000000080029e4       0x28 Drivers/STM32L4xx_HAL_Driver/Src/stm32l4xx_hal_adc.o
 .text.LL_ADC_Enable
                0x0000000008002a0c       0x28 Drivers/STM32L4xx_HAL_Driver/Src/stm32l4xx_hal_adc.o
 .text.LL_ADC_Disable
                0x0000000008002a34       0x28 Drivers/STM32L4xx_HAL_Driver/Src/stm32l4xx_hal_adc.o
 .text.LL_ADC_IsEnabled
                0x0000000008002a5c       0x26 Drivers/STM32L4xx_HAL_Driver/Src/stm32l4xx_hal_adc.o
 .text.LL_ADC_IsDisableOngoing
                0x0000000008002a82       0x26 Drivers/STM32L4xx_HAL_Driver/Src/stm32l4xx_hal_adc.o
 .text.LL_ADC_REG_StartConversion
                0x0000000008002aa8       0x28 Drivers/STM32L4xx_HAL_Driver/Src/stm32l4xx_hal_adc.o
 .text.LL_ADC_REG_StopConversion
                0x0000000008002ad0       0x28 Drivers/STM32L4xx_HAL_Driver/Src/stm32l4xx_hal_adc.o
 .text.LL_ADC_REG_IsConversionOngoing
                0x0000000008002af8       0x26 Drivers/STM32L4xx_HAL_Driver/Src/stm32l4xx_hal_adc.o
 .text.LL_ADC_INJ_StopConversion
                0x0000000008002b1e       0x28 Drivers/STM32L4xx_HAL_Driver/Src/stm32l4xx_hal_adc.o
 .text.LL_ADC_INJ_IsConversionOngoing
                0x0000000008002b46       0x26 Drivers/STM32L4xx_HAL_Driver/Src/stm32l4xx_hal_adc.o
 .text.HAL_ADC_Init
                0x0000000008002b6c      0x294 Drivers/STM32L4xx_HAL_Driver/Src/stm32l4xx_hal_adc.o
                0x0000000008002b6c                HAL_ADC_Init
 .text.HAL_ADC_Start_DMA
                0x0000000008002e00      0x108 Drivers/STM32L4xx_HAL_Driver/Src/stm32l4xx_hal_adc.o
                0x0000000008002e00                HAL_ADC_Start_DMA
 .text.HAL_ADC_Stop_DMA
                0x0000000008002f08       0xc2 Drivers/STM32L4xx_HAL_Driver/Src/stm32l4xx_hal_adc.o
                0x0000000008002f08                HAL_ADC_Stop_DMA
 .text.HAL_ADC_IRQHandler
                0x0000000008002fca      0x368 Drivers/STM32L4xx_HAL_Driver/Src/stm32l4xx_hal_adc.o
                0x0000000008002fca                HAL_ADC_IRQHandler
 .text.HAL_ADC_LevelOutOfWindowCallback
                0x0000000008003332       0x14 Drivers/STM32L4xx_HAL_Driver/Src/stm32l4xx_hal_adc.o
                0x0000000008003332                HAL_ADC_LevelOutOfWindowCallback
 .text.HAL_ADC_ErrorCallback
                0x0000000008003346       0x14 Drivers/STM32L4xx_HAL_Driver/Src/stm32l4xx_hal_adc.o
                0x0000000008003346                HAL_ADC_ErrorCallback
 *fill*         0x000000000800335a        0x2 
 .text.HAL_ADC_ConfigChannel
                0x000000000800335c      0x7f4 Drivers/STM32L4xx_HAL_Driver/Src/stm32l4xx_hal_adc.o
                0x000000000800335c                HAL_ADC_ConfigChannel
 .text.ADC_ConversionStop
                0x0000000008003b50      0x168 Drivers/STM32L4xx_HAL_Driver/Src/stm32l4xx_hal_adc.o
                0x0000000008003b50                ADC_ConversionStop
 .text.ADC_Enable
                0x0000000008003cb8       0xb4 Drivers/STM32L4xx_HAL_Driver/Src/stm32l4xx_hal_adc.o
                0x0000000008003cb8                ADC_Enable
 .text.ADC_Disable
                0x0000000008003d6c       0xb0 Drivers/STM32L4xx_HAL_Driver/Src/stm32l4xx_hal_adc.o
                0x0000000008003d6c                ADC_Disable
 .text.ADC_DMAConvCplt
                0x0000000008003e1c       0xd8 Drivers/STM32L4xx_HAL_Driver/Src/stm32l4xx_hal_adc.o
                0x0000000008003e1c                ADC_DMAConvCplt
 .text.ADC_DMAHalfConvCplt
                0x0000000008003ef4       0x1c Drivers/STM32L4xx_HAL_Driver/Src/stm32l4xx_hal_adc.o
                0x0000000008003ef4                ADC_DMAHalfConvCplt
 .text.ADC_DMAError
                0x0000000008003f10       0x34 Drivers/STM32L4xx_HAL_Driver/Src/stm32l4xx_hal_adc.o
                0x0000000008003f10                ADC_DMAError
 .text.LL_ADC_StartCalibration
                0x0000000008003f44       0x32 Drivers/STM32L4xx_HAL_Driver/Src/stm32l4xx_hal_adc_ex.o
 .text.LL_ADC_IsCalibrationOnGoing
                0x0000000008003f76       0x28 Drivers/STM32L4xx_HAL_Driver/Src/stm32l4xx_hal_adc_ex.o
 .text.HAL_ADCEx_Calibration_Start
                0x0000000008003f9e       0xc0 Drivers/STM32L4xx_HAL_Driver/Src/stm32l4xx_hal_adc_ex.o
                0x0000000008003f9e                HAL_ADCEx_Calibration_Start
 .text.HAL_ADCEx_InjectedConvCpltCallback
                0x000000000800405e       0x14 Drivers/STM32L4xx_HAL_Driver/Src/stm32l4xx_hal_adc_ex.o
                0x000000000800405e                HAL_ADCEx_InjectedConvCpltCallback
 .text.HAL_ADCEx_InjectedQueueOverflowCallback
                0x0000000008004072       0x14 Drivers/STM32L4xx_HAL_Driver/Src/stm32l4xx_hal_adc_ex.o
                0x0000000008004072                HAL_ADCEx_InjectedQueueOverflowCallback
 .text.HAL_ADCEx_LevelOutOfWindow2Callback
                0x0000000008004086       0x14 Drivers/STM32L4xx_HAL_Driver/Src/stm32l4xx_hal_adc_ex.o
                0x0000000008004086                HAL_ADCEx_LevelOutOfWindow2Callback
 .text.HAL_ADCEx_LevelOutOfWindow3Callback
                0x000000000800409a       0x14 Drivers/STM32L4xx_HAL_Driver/Src/stm32l4xx_hal_adc_ex.o
                0x000000000800409a                HAL_ADCEx_LevelOutOfWindow3Callback
 .text.HAL_ADCEx_EndOfSamplingCallback
                0x00000000080040ae       0x14 Drivers/STM32L4xx_HAL_Driver/Src/stm32l4xx_hal_adc_ex.o
                0x00000000080040ae                HAL_ADCEx_EndOfSamplingCallback
 *fill*         0x00000000080040c2        0x2 
 .text.__NVIC_SetPriorityGrouping
                0x00000000080040c4       0x48 Drivers/STM32L4xx_HAL_Driver/Src/stm32l4xx_hal_cortex.o
 .text.__NVIC_GetPriorityGrouping
                0x000000000800410c       0x1c Drivers/STM32L4xx_HAL_Driver/Src/stm32l4xx_hal_cortex.o
 .text.__NVIC_EnableIRQ
                0x0000000008004128       0x3c Drivers/STM32L4xx_HAL_Driver/Src/stm32l4xx_hal_cortex.o
 .text.__NVIC_SetPriority
                0x0000000008004164       0x54 Drivers/STM32L4xx_HAL_Driver/Src/stm32l4xx_hal_cortex.o
 .text.NVIC_EncodePriority
                0x00000000080041b8       0x66 Drivers/STM32L4xx_HAL_Driver/Src/stm32l4xx_hal_cortex.o
 .text.HAL_NVIC_SetPriorityGrouping
                0x000000000800421e       0x16 Drivers/STM32L4xx_HAL_Driver/Src/stm32l4xx_hal_cortex.o
                0x000000000800421e                HAL_NVIC_SetPriorityGrouping
 .text.HAL_NVIC_SetPriority
                0x0000000008004234       0x38 Drivers/STM32L4xx_HAL_Driver/Src/stm32l4xx_hal_cortex.o
                0x0000000008004234                HAL_NVIC_SetPriority
 .text.HAL_NVIC_EnableIRQ
                0x000000000800426c       0x1c Drivers/STM32L4xx_HAL_Driver/Src/stm32l4xx_hal_cortex.o
                0x000000000800426c                HAL_NVIC_EnableIRQ
 .text.HAL_DAC_Init
                0x0000000008004288       0x44 Drivers/STM32L4xx_HAL_Driver/Src/stm32l4xx_hal_dac.o
                0x0000000008004288                HAL_DAC_Init
 .text.HAL_DAC_Start_DMA
                0x00000000080042cc      0x17c Drivers/STM32L4xx_HAL_Driver/Src/stm32l4xx_hal_dac.o
                0x00000000080042cc                HAL_DAC_Start_DMA
 .text.HAL_DAC_Stop_DMA
                0x0000000008004448       0x8a Drivers/STM32L4xx_HAL_Driver/Src/stm32l4xx_hal_dac.o
                0x0000000008004448                HAL_DAC_Stop_DMA
 .text.HAL_DAC_IRQHandler
                0x00000000080044d2       0xb4 Drivers/STM32L4xx_HAL_Driver/Src/stm32l4xx_hal_dac.o
                0x00000000080044d2                HAL_DAC_IRQHandler
 .text.HAL_DAC_ConvHalfCpltCallbackCh1
                0x0000000008004586       0x14 Drivers/STM32L4xx_HAL_Driver/Src/stm32l4xx_hal_dac.o
                0x0000000008004586                HAL_DAC_ConvHalfCpltCallbackCh1
 .text.HAL_DAC_ErrorCallbackCh1
                0x000000000800459a       0x14 Drivers/STM32L4xx_HAL_Driver/Src/stm32l4xx_hal_dac.o
                0x000000000800459a                HAL_DAC_ErrorCallbackCh1
 .text.HAL_DAC_DMAUnderrunCallbackCh1
                0x00000000080045ae       0x14 Drivers/STM32L4xx_HAL_Driver/Src/stm32l4xx_hal_dac.o
                0x00000000080045ae                HAL_DAC_DMAUnderrunCallbackCh1
 *fill*         0x00000000080045c2        0x2 
 .text.HAL_DAC_ConfigChannel
                0x00000000080045c4      0x280 Drivers/STM32L4xx_HAL_Driver/Src/stm32l4xx_hal_dac.o
                0x00000000080045c4                HAL_DAC_ConfigChannel
 .text.DAC_DMAConvCpltCh1
                0x0000000008004844       0x22 Drivers/STM32L4xx_HAL_Driver/Src/stm32l4xx_hal_dac.o
                0x0000000008004844                DAC_DMAConvCpltCh1
 .text.DAC_DMAHalfConvCpltCh1
                0x0000000008004866       0x1c Drivers/STM32L4xx_HAL_Driver/Src/stm32l4xx_hal_dac.o
                0x0000000008004866                DAC_DMAHalfConvCpltCh1
 .text.DAC_DMAErrorCh1
                0x0000000008004882       0x2e Drivers/STM32L4xx_HAL_Driver/Src/stm32l4xx_hal_dac.o
                0x0000000008004882                DAC_DMAErrorCh1
 .text.HAL_DACEx_ConvCpltCallbackCh2
                0x00000000080048b0       0x14 Drivers/STM32L4xx_HAL_Driver/Src/stm32l4xx_hal_dac_ex.o
                0x00000000080048b0                HAL_DACEx_ConvCpltCallbackCh2
 .text.HAL_DACEx_ConvHalfCpltCallbackCh2
                0x00000000080048c4       0x14 Drivers/STM32L4xx_HAL_Driver/Src/stm32l4xx_hal_dac_ex.o
                0x00000000080048c4                HAL_DACEx_ConvHalfCpltCallbackCh2
 .text.HAL_DACEx_ErrorCallbackCh2
                0x00000000080048d8       0x14 Drivers/STM32L4xx_HAL_Driver/Src/stm32l4xx_hal_dac_ex.o
                0x00000000080048d8                HAL_DACEx_ErrorCallbackCh2
 .text.HAL_DACEx_DMAUnderrunCallbackCh2
                0x00000000080048ec       0x14 Drivers/STM32L4xx_HAL_Driver/Src/stm32l4xx_hal_dac_ex.o
                0x00000000080048ec                HAL_DACEx_DMAUnderrunCallbackCh2
 .text.DAC_DMAConvCpltCh2
                0x0000000008004900       0x22 Drivers/STM32L4xx_HAL_Driver/Src/stm32l4xx_hal_dac_ex.o
                0x0000000008004900                DAC_DMAConvCpltCh2
 .text.DAC_DMAHalfConvCpltCh2
                0x0000000008004922       0x1c Drivers/STM32L4xx_HAL_Driver/Src/stm32l4xx_hal_dac_ex.o
                0x0000000008004922                DAC_DMAHalfConvCpltCh2
 .text.DAC_DMAErrorCh2
                0x000000000800493e       0x2e Drivers/STM32L4xx_HAL_Driver/Src/stm32l4xx_hal_dac_ex.o
                0x000000000800493e                DAC_DMAErrorCh2
 .text.HAL_DMA_Init
                0x000000000800496c      0x150 Drivers/STM32L4xx_HAL_Driver/Src/stm32l4xx_hal_dma.o
                0x000000000800496c                HAL_DMA_Init
 .text.HAL_DMA_Start_IT
                0x0000000008004abc       0xf6 Drivers/STM32L4xx_HAL_Driver/Src/stm32l4xx_hal_dma.o
                0x0000000008004abc                HAL_DMA_Start_IT
 .text.HAL_DMA_Abort
                0x0000000008004bb2       0xb8 Drivers/STM32L4xx_HAL_Driver/Src/stm32l4xx_hal_dma.o
                0x0000000008004bb2                HAL_DMA_Abort
 .text.HAL_DMA_IRQHandler
                0x0000000008004c6a      0x15e Drivers/STM32L4xx_HAL_Driver/Src/stm32l4xx_hal_dma.o
                0x0000000008004c6a                HAL_DMA_IRQHandler
 .text.DMA_SetConfig
                0x0000000008004dc8       0x7c Drivers/STM32L4xx_HAL_Driver/Src/stm32l4xx_hal_dma.o
 .text.DMA_CalcDMAMUXChannelBaseAndMask
                0x0000000008004e44       0x7c Drivers/STM32L4xx_HAL_Driver/Src/stm32l4xx_hal_dma.o
 .text.DMA_CalcDMAMUXRequestGenBaseAndMask
                0x0000000008004ec0       0x48 Drivers/STM32L4xx_HAL_Driver/Src/stm32l4xx_hal_dma.o
 .text.HAL_GPIO_Init
                0x0000000008004f08      0x324 Drivers/STM32L4xx_HAL_Driver/Src/stm32l4xx_hal_gpio.o
                0x0000000008004f08                HAL_GPIO_Init
 .text.HAL_PWREx_GetVoltageRange
                0x000000000800522c       0x40 Drivers/STM32L4xx_HAL_Driver/Src/stm32l4xx_hal_pwr_ex.o
                0x000000000800522c                HAL_PWREx_GetVoltageRange
 .text.HAL_PWREx_ControlVoltageScaling
                0x000000000800526c      0x148 Drivers/STM32L4xx_HAL_Driver/Src/stm32l4xx_hal_pwr_ex.o
                0x000000000800526c                HAL_PWREx_ControlVoltageScaling
 .text.HAL_RCC_OscConfig
                0x00000000080053b4      0x84c Drivers/STM32L4xx_HAL_Driver/Src/stm32l4xx_hal_rcc.o
                0x00000000080053b4                HAL_RCC_OscConfig
 .text.HAL_RCC_ClockConfig
                0x0000000008005c00      0x258 Drivers/STM32L4xx_HAL_Driver/Src/stm32l4xx_hal_rcc.o
                0x0000000008005c00                HAL_RCC_ClockConfig
 .text.HAL_RCC_GetSysClockFreq
                0x0000000008005e58      0x114 Drivers/STM32L4xx_HAL_Driver/Src/stm32l4xx_hal_rcc.o
                0x0000000008005e58                HAL_RCC_GetSysClockFreq
 .text.HAL_RCC_GetHCLKFreq
                0x0000000008005f6c       0x18 Drivers/STM32L4xx_HAL_Driver/Src/stm32l4xx_hal_rcc.o
                0x0000000008005f6c                HAL_RCC_GetHCLKFreq
 .text.HAL_RCC_GetPCLK1Freq
                0x0000000008005f84       0x2c Drivers/STM32L4xx_HAL_Driver/Src/stm32l4xx_hal_rcc.o
                0x0000000008005f84                HAL_RCC_GetPCLK1Freq
 .text.HAL_RCC_GetPCLK2Freq
                0x0000000008005fb0       0x2c Drivers/STM32L4xx_HAL_Driver/Src/stm32l4xx_hal_rcc.o
                0x0000000008005fb0                HAL_RCC_GetPCLK2Freq
 .text.HAL_RCC_GetClockConfig
                0x0000000008005fdc       0x64 Drivers/STM32L4xx_HAL_Driver/Src/stm32l4xx_hal_rcc.o
                0x0000000008005fdc                HAL_RCC_GetClockConfig
 .text.RCC_SetFlashLatencyFromMSIRange
                0x0000000008006040       0xb4 Drivers/STM32L4xx_HAL_Driver/Src/stm32l4xx_hal_rcc.o
 .text.RCC_GetSysClockFreqFromPLLSource
                0x00000000080060f4       0xd0 Drivers/STM32L4xx_HAL_Driver/Src/stm32l4xx_hal_rcc.o
 .text.HAL_RCCEx_PeriphCLKConfig
                0x00000000080061c4      0x650 Drivers/STM32L4xx_HAL_Driver/Src/stm32l4xx_hal_rcc_ex.o
                0x00000000080061c4                HAL_RCCEx_PeriphCLKConfig
 .text.RCCEx_PLLSAI1_Config
                0x0000000008006814      0x1e0 Drivers/STM32L4xx_HAL_Driver/Src/stm32l4xx_hal_rcc_ex.o
 .text.RCCEx_PLLSAI2_Config
                0x00000000080069f4      0x1e0 Drivers/STM32L4xx_HAL_Driver/Src/stm32l4xx_hal_rcc_ex.o
 .text.HAL_TIM_Base_Init
                0x0000000008006bd4       0xae Drivers/STM32L4xx_HAL_Driver/Src/stm32l4xx_hal_tim.o
                0x0000000008006bd4                HAL_TIM_Base_Init
 *fill*         0x0000000008006c82        0x2 
 .text.HAL_TIM_Base_Start_IT
                0x0000000008006c84       0xe0 Drivers/STM32L4xx_HAL_Driver/Src/stm32l4xx_hal_tim.o
                0x0000000008006c84                HAL_TIM_Base_Start_IT
 .text.HAL_TIM_IRQHandler
                0x0000000008006d64      0x23e Drivers/STM32L4xx_HAL_Driver/Src/stm32l4xx_hal_tim.o
                0x0000000008006d64                HAL_TIM_IRQHandler
 .text.HAL_TIM_ConfigClockSource
                0x0000000008006fa2      0x172 Drivers/STM32L4xx_HAL_Driver/Src/stm32l4xx_hal_tim.o
                0x0000000008006fa2                HAL_TIM_ConfigClockSource
 .text.HAL_TIM_OC_DelayElapsedCallback
                0x0000000008007114       0x14 Drivers/STM32L4xx_HAL_Driver/Src/stm32l4xx_hal_tim.o
                0x0000000008007114                HAL_TIM_OC_DelayElapsedCallback
 .text.HAL_TIM_IC_CaptureCallback
                0x0000000008007128       0x14 Drivers/STM32L4xx_HAL_Driver/Src/stm32l4xx_hal_tim.o
                0x0000000008007128                HAL_TIM_IC_CaptureCallback
 .text.HAL_TIM_PWM_PulseFinishedCallback
                0x000000000800713c       0x14 Drivers/STM32L4xx_HAL_Driver/Src/stm32l4xx_hal_tim.o
                0x000000000800713c                HAL_TIM_PWM_PulseFinishedCallback
 .text.HAL_TIM_TriggerCallback
                0x0000000008007150       0x14 Drivers/STM32L4xx_HAL_Driver/Src/stm32l4xx_hal_tim.o
                0x0000000008007150                HAL_TIM_TriggerCallback
 .text.TIM_Base_SetConfig
                0x0000000008007164      0x134 Drivers/STM32L4xx_HAL_Driver/Src/stm32l4xx_hal_tim.o
                0x0000000008007164                TIM_Base_SetConfig
 .text.TIM_TI1_ConfigInputStage
                0x0000000008007298       0x5e Drivers/STM32L4xx_HAL_Driver/Src/stm32l4xx_hal_tim.o
 .text.TIM_TI2_ConfigInputStage
                0x00000000080072f6       0x60 Drivers/STM32L4xx_HAL_Driver/Src/stm32l4xx_hal_tim.o
 .text.TIM_ITRx_SetConfig
                0x0000000008007356       0x36 Drivers/STM32L4xx_HAL_Driver/Src/stm32l4xx_hal_tim.o
 .text.TIM_ETR_SetConfig
                0x000000000800738c       0x40 Drivers/STM32L4xx_HAL_Driver/Src/stm32l4xx_hal_tim.o
                0x000000000800738c                TIM_ETR_SetConfig
 .text.HAL_TIMEx_MasterConfigSynchronization
                0x00000000080073cc      0x110 Drivers/STM32L4xx_HAL_Driver/Src/stm32l4xx_hal_tim_ex.o
                0x00000000080073cc                HAL_TIMEx_MasterConfigSynchronization
 .text.HAL_TIMEx_CommutCallback
                0x00000000080074dc       0x14 Drivers/STM32L4xx_HAL_Driver/Src/stm32l4xx_hal_tim_ex.o
                0x00000000080074dc                HAL_TIMEx_CommutCallback
 .text.HAL_TIMEx_BreakCallback
                0x00000000080074f0       0x14 Drivers/STM32L4xx_HAL_Driver/Src/stm32l4xx_hal_tim_ex.o
                0x00000000080074f0                HAL_TIMEx_BreakCallback
 .text.HAL_TIMEx_Break2Callback
                0x0000000008007504       0x14 Drivers/STM32L4xx_HAL_Driver/Src/stm32l4xx_hal_tim_ex.o
                0x0000000008007504                HAL_TIMEx_Break2Callback
 .text.HAL_UART_Init
                0x0000000008007518       0xa0 Drivers/STM32L4xx_HAL_Driver/Src/stm32l4xx_hal_uart.o
                0x0000000008007518                HAL_UART_Init
 .text.HAL_UART_Transmit
                0x00000000080075b8      0x12e Drivers/STM32L4xx_HAL_Driver/Src/stm32l4xx_hal_uart.o
                0x00000000080075b8                HAL_UART_Transmit
 .text.HAL_UART_Receive
                0x00000000080076e6      0x1a2 Drivers/STM32L4xx_HAL_Driver/Src/stm32l4xx_hal_uart.o
                0x00000000080076e6                HAL_UART_Receive
 .text.UART_SetConfig
                0x0000000008007888      0x5a4 Drivers/STM32L4xx_HAL_Driver/Src/stm32l4xx_hal_uart.o
                0x0000000008007888                UART_SetConfig
 .text.UART_AdvFeatureConfig
                0x0000000008007e2c      0x144 Drivers/STM32L4xx_HAL_Driver/Src/stm32l4xx_hal_uart.o
                0x0000000008007e2c                UART_AdvFeatureConfig
 .text.UART_CheckIdleState
                0x0000000008007f70       0x90 Drivers/STM32L4xx_HAL_Driver/Src/stm32l4xx_hal_uart.o
                0x0000000008007f70                UART_CheckIdleState
 .text.UART_WaitOnFlagUntilTimeout
                0x0000000008008000      0x100 Drivers/STM32L4xx_HAL_Driver/Src/stm32l4xx_hal_uart.o
                0x0000000008008000                UART_WaitOnFlagUntilTimeout
 .text.HAL_UARTEx_DisableFifoMode
                0x0000000008008100       0x72 Drivers/STM32L4xx_HAL_Driver/Src/stm32l4xx_hal_uart_ex.o
                0x0000000008008100                HAL_UARTEx_DisableFifoMode
 .text.HAL_UARTEx_SetTxFifoThreshold
                0x0000000008008172       0x7c Drivers/STM32L4xx_HAL_Driver/Src/stm32l4xx_hal_uart_ex.o
                0x0000000008008172                HAL_UARTEx_SetTxFifoThreshold
 .text.HAL_UARTEx_SetRxFifoThreshold
                0x00000000080081ee       0x7c Drivers/STM32L4xx_HAL_Driver/Src/stm32l4xx_hal_uart_ex.o
                0x00000000080081ee                HAL_UARTEx_SetRxFifoThreshold
 *fill*         0x000000000800826a        0x2 
 .text.UARTEx_SetNbDataToProcess
                0x000000000800826c       0xd0 Drivers/STM32L4xx_HAL_Driver/Src/stm32l4xx_hal_uart_ex.o
 .text.makeFreeRtosPriority
                0x000000000800833c       0x30 Middlewares/Third_Party/FreeRTOS/Source/CMSIS_RTOS/cmsis_os.o
 .text.inHandlerMode
                0x000000000800836c       0x24 Middlewares/Third_Party/FreeRTOS/Source/CMSIS_RTOS/cmsis_os.o
 .text.osKernelStart
                0x0000000008008390        0xe Middlewares/Third_Party/FreeRTOS/Source/CMSIS_RTOS/cmsis_os.o
                0x0000000008008390                osKernelStart
 .text.osThreadCreate
                0x000000000800839e       0x98 Middlewares/Third_Party/FreeRTOS/Source/CMSIS_RTOS/cmsis_os.o
                0x000000000800839e                osThreadCreate
 .text.osDelay  0x0000000008008436       0x28 Middlewares/Third_Party/FreeRTOS/Source/CMSIS_RTOS/cmsis_os.o
                0x0000000008008436                osDelay
 .text.osMutexCreate
                0x000000000800845e       0x30 Middlewares/Third_Party/FreeRTOS/Source/CMSIS_RTOS/cmsis_os.o
                0x000000000800845e                osMutexCreate
 *fill*         0x000000000800848e        0x2 
 .text.osMutexWait
                0x0000000008008490       0x9c Middlewares/Third_Party/FreeRTOS/Source/CMSIS_RTOS/cmsis_os.o
                0x0000000008008490                osMutexWait
 .text.osMutexRelease
                0x000000000800852c       0x6c Middlewares/Third_Party/FreeRTOS/Source/CMSIS_RTOS/cmsis_os.o
                0x000000000800852c                osMutexRelease
 .text.vListInitialise
                0x0000000008008598       0x40 Middlewares/Third_Party/FreeRTOS/Source/list.o
                0x0000000008008598                vListInitialise
 .text.vListInitialiseItem
                0x00000000080085d8       0x1a Middlewares/Third_Party/FreeRTOS/Source/list.o
                0x00000000080085d8                vListInitialiseItem
 .text.vListInsertEnd
                0x00000000080085f2       0x48 Middlewares/Third_Party/FreeRTOS/Source/list.o
                0x00000000080085f2                vListInsertEnd
 .text.vListInsert
                0x000000000800863a       0x72 Middlewares/Third_Party/FreeRTOS/Source/list.o
                0x000000000800863a                vListInsert
 .text.uxListRemove
                0x00000000080086ac       0x54 Middlewares/Third_Party/FreeRTOS/Source/list.o
                0x00000000080086ac                uxListRemove
 .text.xQueueGenericReset
                0x0000000008008700       0xd0 Middlewares/Third_Party/FreeRTOS/Source/queue.o
                0x0000000008008700                xQueueGenericReset
 .text.xQueueGenericCreateStatic
                0x00000000080087d0       0xe6 Middlewares/Third_Party/FreeRTOS/Source/queue.o
                0x00000000080087d0                xQueueGenericCreateStatic
 .text.xQueueGenericCreate
                0x00000000080088b6       0x7e Middlewares/Third_Party/FreeRTOS/Source/queue.o
                0x00000000080088b6                xQueueGenericCreate
 .text.prvInitialiseNewQueue
                0x0000000008008934       0x3e Middlewares/Third_Party/FreeRTOS/Source/queue.o
 .text.prvInitialiseMutex
                0x0000000008008972       0x34 Middlewares/Third_Party/FreeRTOS/Source/queue.o
 .text.xQueueCreateMutex
                0x00000000080089a6       0x30 Middlewares/Third_Party/FreeRTOS/Source/queue.o
                0x00000000080089a6                xQueueCreateMutex
 .text.xQueueCreateMutexStatic
                0x00000000080089d6       0x36 Middlewares/Third_Party/FreeRTOS/Source/queue.o
                0x00000000080089d6                xQueueCreateMutexStatic
 .text.xQueueGenericSend
                0x0000000008008a0c      0x1f4 Middlewares/Third_Party/FreeRTOS/Source/queue.o
                0x0000000008008a0c                xQueueGenericSend
 .text.xQueueGiveFromISR
                0x0000000008008c00      0x112 Middlewares/Third_Party/FreeRTOS/Source/queue.o
                0x0000000008008c00                xQueueGiveFromISR
 *fill*         0x0000000008008d12        0x2 
 .text.xQueueSemaphoreTake
                0x0000000008008d14      0x210 Middlewares/Third_Party/FreeRTOS/Source/queue.o
                0x0000000008008d14                xQueueSemaphoreTake
 .text.xQueueReceiveFromISR
                0x0000000008008f24       0xfa Middlewares/Third_Party/FreeRTOS/Source/queue.o
                0x0000000008008f24                xQueueReceiveFromISR
 .text.prvGetDisinheritPriorityAfterTimeout
                0x000000000800901e       0x30 Middlewares/Third_Party/FreeRTOS/Source/queue.o
 .text.prvCopyDataToQueue
                0x000000000800904e       0xd4 Middlewares/Third_Party/FreeRTOS/Source/queue.o
 .text.prvCopyDataFromQueue
                0x0000000008009122       0x4c Middlewares/Third_Party/FreeRTOS/Source/queue.o
 .text.prvUnlockQueue
                0x000000000800916e       0xa4 Middlewares/Third_Party/FreeRTOS/Source/queue.o
 .text.prvIsQueueEmpty
                0x0000000008009212       0x2c Middlewares/Third_Party/FreeRTOS/Source/queue.o
 .text.prvIsQueueFull
                0x000000000800923e       0x30 Middlewares/Third_Party/FreeRTOS/Source/queue.o
 .text.xTaskCreateStatic
                0x000000000800926e       0xb4 Middlewares/Third_Party/FreeRTOS/Source/tasks.o
                0x000000000800926e                xTaskCreateStatic
 .text.xTaskCreate
                0x0000000008009322       0x8a Middlewares/Third_Party/FreeRTOS/Source/tasks.o
                0x0000000008009322                xTaskCreate
 .text.prvInitialiseNewTask
                0x00000000080093ac      0x10c Middlewares/Third_Party/FreeRTOS/Source/tasks.o
 .text.prvAddNewTaskToReadyList
                0x00000000080094b8       0xd4 Middlewares/Third_Party/FreeRTOS/Source/tasks.o
 .text.vTaskDelay
                0x000000000800958c       0x68 Middlewares/Third_Party/FreeRTOS/Source/tasks.o
                0x000000000800958c                vTaskDelay
 .text.vTaskStartScheduler
                0x00000000080095f4       0xbc Middlewares/Third_Party/FreeRTOS/Source/tasks.o
                0x00000000080095f4                vTaskStartScheduler
 .text.vTaskSuspendAll
                0x00000000080096b0       0x1c Middlewares/Third_Party/FreeRTOS/Source/tasks.o
                0x00000000080096b0                vTaskSuspendAll
 .text.xTaskResumeAll
                0x00000000080096cc      0x138 Middlewares/Third_Party/FreeRTOS/Source/tasks.o
                0x00000000080096cc                xTaskResumeAll
 .text.xTaskIncrementTick
                0x0000000008009804      0x170 Middlewares/Third_Party/FreeRTOS/Source/tasks.o
                0x0000000008009804                xTaskIncrementTick
 .text.vTaskSwitchContext
                0x0000000008009974       0xb4 Middlewares/Third_Party/FreeRTOS/Source/tasks.o
                0x0000000008009974                vTaskSwitchContext
 .text.vTaskPlaceOnEventList
                0x0000000008009a28       0x48 Middlewares/Third_Party/FreeRTOS/Source/tasks.o
                0x0000000008009a28                vTaskPlaceOnEventList
 .text.xTaskRemoveFromEventList
                0x0000000008009a70       0xc4 Middlewares/Third_Party/FreeRTOS/Source/tasks.o
                0x0000000008009a70                xTaskRemoveFromEventList
 .text.vTaskInternalSetTimeOutState
                0x0000000008009b34       0x2c Middlewares/Third_Party/FreeRTOS/Source/tasks.o
                0x0000000008009b34                vTaskInternalSetTimeOutState
 .text.xTaskCheckForTimeOut
                0x0000000008009b60       0xc0 Middlewares/Third_Party/FreeRTOS/Source/tasks.o
                0x0000000008009b60                xTaskCheckForTimeOut
 .text.vTaskMissedYield
                0x0000000008009c20       0x18 Middlewares/Third_Party/FreeRTOS/Source/tasks.o
                0x0000000008009c20                vTaskMissedYield
 .text.prvIdleTask
                0x0000000008009c38       0x30 Middlewares/Third_Party/FreeRTOS/Source/tasks.o
 .text.prvInitialiseTaskLists
                0x0000000008009c68       0x80 Middlewares/Third_Party/FreeRTOS/Source/tasks.o
 .text.prvCheckTasksWaitingTermination
                0x0000000008009ce8       0x58 Middlewares/Third_Party/FreeRTOS/Source/tasks.o
 .text.prvDeleteTCB
                0x0000000008009d40       0x5c Middlewares/Third_Party/FreeRTOS/Source/tasks.o
 .text.prvResetNextTaskUnblockTime
                0x0000000008009d9c       0x40 Middlewares/Third_Party/FreeRTOS/Source/tasks.o
 .text.xTaskGetSchedulerState
                0x0000000008009ddc       0x3c Middlewares/Third_Party/FreeRTOS/Source/tasks.o
                0x0000000008009ddc                xTaskGetSchedulerState
 .text.xTaskPriorityInherit
                0x0000000008009e18      0x100 Middlewares/Third_Party/FreeRTOS/Source/tasks.o
                0x0000000008009e18                xTaskPriorityInherit
 .text.xTaskPriorityDisinherit
                0x0000000008009f18      0x108 Middlewares/Third_Party/FreeRTOS/Source/tasks.o
                0x0000000008009f18                xTaskPriorityDisinherit
 .text.vTaskPriorityDisinheritAfterTimeout
                0x000000000800a020      0x130 Middlewares/Third_Party/FreeRTOS/Source/tasks.o
                0x000000000800a020                vTaskPriorityDisinheritAfterTimeout
 .text.pvTaskIncrementMutexHeldCount
                0x000000000800a150       0x28 Middlewares/Third_Party/FreeRTOS/Source/tasks.o
                0x000000000800a150                pvTaskIncrementMutexHeldCount
 .text.prvAddCurrentTaskToDelayedList
                0x000000000800a178       0xcc Middlewares/Third_Party/FreeRTOS/Source/tasks.o
 .text.pxPortInitialiseStack
                0x000000000800a244       0x68 Middlewares/Third_Party/FreeRTOS/Source/portable/GCC/ARM_CM4F/port.o
                0x000000000800a244                pxPortInitialiseStack
 .text.prvTaskExitError
                0x000000000800a2ac       0x54 Middlewares/Third_Party/FreeRTOS/Source/portable/GCC/ARM_CM4F/port.o
 .text.SVC_Handler
                0x000000000800a300       0x28 Middlewares/Third_Party/FreeRTOS/Source/portable/GCC/ARM_CM4F/port.o
                0x000000000800a300                SVC_Handler
 .text.prvPortStartFirstTask
                0x000000000800a328       0x28 Middlewares/Third_Party/FreeRTOS/Source/portable/GCC/ARM_CM4F/port.o
 .text.xPortStartScheduler
                0x000000000800a350      0x13c Middlewares/Third_Party/FreeRTOS/Source/portable/GCC/ARM_CM4F/port.o
                0x000000000800a350                xPortStartScheduler
 .text.vPortEnterCritical
                0x000000000800a48c       0x5c Middlewares/Third_Party/FreeRTOS/Source/portable/GCC/ARM_CM4F/port.o
                0x000000000800a48c                vPortEnterCritical
 .text.vPortExitCritical
                0x000000000800a4e8       0x50 Middlewares/Third_Party/FreeRTOS/Source/portable/GCC/ARM_CM4F/port.o
                0x000000000800a4e8                vPortExitCritical
 *fill*         0x000000000800a538        0x8 
 .text.PendSV_Handler
                0x000000000800a540       0x68 Middlewares/Third_Party/FreeRTOS/Source/portable/GCC/ARM_CM4F/port.o
                0x000000000800a540                PendSV_Handler
 .text.SysTick_Handler
                0x000000000800a5a8       0x40 Middlewares/Third_Party/FreeRTOS/Source/portable/GCC/ARM_CM4F/port.o
                0x000000000800a5a8                SysTick_Handler
 .text.vPortSetupTimerInterrupt
                0x000000000800a5e8       0x48 Middlewares/Third_Party/FreeRTOS/Source/portable/GCC/ARM_CM4F/port.o
                0x000000000800a5e8                vPortSetupTimerInterrupt
 .text.vPortEnableVFP
                0x000000000800a630       0x14 Middlewares/Third_Party/FreeRTOS/Source/portable/GCC/ARM_CM4F/port.o
 .text.vPortValidateInterruptPriority
                0x000000000800a644       0x7c Middlewares/Third_Party/FreeRTOS/Source/portable/GCC/ARM_CM4F/port.o
                0x000000000800a644                vPortValidateInterruptPriority
 .text.pvPortMalloc
                0x000000000800a6c0      0x184 Middlewares/Third_Party/FreeRTOS/Source/portable/MemMang/heap_4.o
                0x000000000800a6c0                pvPortMalloc
 .text.vPortFree
                0x000000000800a844       0xb0 Middlewares/Third_Party/FreeRTOS/Source/portable/MemMang/heap_4.o
                0x000000000800a844                vPortFree
 .text.prvHeapInit
                0x000000000800a8f4       0xc8 Middlewares/Third_Party/FreeRTOS/Source/portable/MemMang/heap_4.o
 .text.prvInsertBlockIntoFreeList
                0x000000000800a9bc       0xb4 Middlewares/Third_Party/FreeRTOS/Source/portable/MemMang/heap_4.o
 .text.arm_rfft_32_fast_init_f32
                0x000000000800aa70       0x34 /home/dan/STM32CubeIDE/workspace_1.5.1/444_Project_Group12/Project/Core/Lib/libarm_cortexM4lf_math.a(arm_rfft_fast_init_f32.o)
                0x000000000800aa70                arm_rfft_32_fast_init_f32
 .text.arm_rfft_64_fast_init_f32
                0x000000000800aaa4       0x34 /home/dan/STM32CubeIDE/workspace_1.5.1/444_Project_Group12/Project/Core/Lib/libarm_cortexM4lf_math.a(arm_rfft_fast_init_f32.o)
                0x000000000800aaa4                arm_rfft_64_fast_init_f32
 .text.arm_rfft_256_fast_init_f32
                0x000000000800aad8       0x38 /home/dan/STM32CubeIDE/workspace_1.5.1/444_Project_Group12/Project/Core/Lib/libarm_cortexM4lf_math.a(arm_rfft_fast_init_f32.o)
                0x000000000800aad8                arm_rfft_256_fast_init_f32
 .text.arm_rfft_512_fast_init_f32
                0x000000000800ab10       0x3c /home/dan/STM32CubeIDE/workspace_1.5.1/444_Project_Group12/Project/Core/Lib/libarm_cortexM4lf_math.a(arm_rfft_fast_init_f32.o)
                0x000000000800ab10                arm_rfft_512_fast_init_f32
 .text.arm_rfft_1024_fast_init_f32
                0x000000000800ab4c       0x3c /home/dan/STM32CubeIDE/workspace_1.5.1/444_Project_Group12/Project/Core/Lib/libarm_cortexM4lf_math.a(arm_rfft_fast_init_f32.o)
                0x000000000800ab4c                arm_rfft_1024_fast_init_f32
 .text.arm_rfft_2048_fast_init_f32
                0x000000000800ab88       0x3c /home/dan/STM32CubeIDE/workspace_1.5.1/444_Project_Group12/Project/Core/Lib/libarm_cortexM4lf_math.a(arm_rfft_fast_init_f32.o)
                0x000000000800ab88                arm_rfft_2048_fast_init_f32
 .text.arm_rfft_4096_fast_init_f32
                0x000000000800abc4       0x3c /home/dan/STM32CubeIDE/workspace_1.5.1/444_Project_Group12/Project/Core/Lib/libarm_cortexM4lf_math.a(arm_rfft_fast_init_f32.o)
                0x000000000800abc4                arm_rfft_4096_fast_init_f32
 .text.arm_rfft_fast_init_f32
                0x000000000800ac00       0x68 /home/dan/STM32CubeIDE/workspace_1.5.1/444_Project_Group12/Project/Core/Lib/libarm_cortexM4lf_math.a(arm_rfft_fast_init_f32.o)
                0x000000000800ac00                arm_rfft_fast_init_f32
 .text.stage_rfft_f32
                0x000000000800ac68       0xb4 /home/dan/STM32CubeIDE/workspace_1.5.1/444_Project_Group12/Project/Core/Lib/libarm_cortexM4lf_math.a(arm_rfft_fast_f32.o)
                0x000000000800ac68                stage_rfft_f32
 .text.merge_rfft_f32
                0x000000000800ad1c       0xac /home/dan/STM32CubeIDE/workspace_1.5.1/444_Project_Group12/Project/Core/Lib/libarm_cortexM4lf_math.a(arm_rfft_fast_f32.o)
                0x000000000800ad1c                merge_rfft_f32
 .text.arm_rfft_fast_f32
                0x000000000800adc8       0x40 /home/dan/STM32CubeIDE/workspace_1.5.1/444_Project_Group12/Project/Core/Lib/libarm_cortexM4lf_math.a(arm_rfft_fast_f32.o)
                0x000000000800adc8                arm_rfft_fast_f32
 .text.arm_cfft_radix8by2_f32
                0x000000000800ae08      0x1a0 /home/dan/STM32CubeIDE/workspace_1.5.1/444_Project_Group12/Project/Core/Lib/libarm_cortexM4lf_math.a(arm_cfft_f32.o)
                0x000000000800ae08                arm_cfft_radix8by2_f32
 .text.arm_cfft_radix8by4_f32
                0x000000000800afa8      0x4ac /home/dan/STM32CubeIDE/workspace_1.5.1/444_Project_Group12/Project/Core/Lib/libarm_cortexM4lf_math.a(arm_cfft_f32.o)
                0x000000000800afa8                arm_cfft_radix8by4_f32
 .text.arm_cfft_f32
                0x000000000800b454       0xf0 /home/dan/STM32CubeIDE/workspace_1.5.1/444_Project_Group12/Project/Core/Lib/libarm_cortexM4lf_math.a(arm_cfft_f32.o)
                0x000000000800b454                arm_cfft_f32
 .text.arm_bitreversal_32
                0x000000000800b544       0x40 /home/dan/STM32CubeIDE/workspace_1.5.1/444_Project_Group12/Project/Core/Lib/libarm_cortexM4lf_math.a(arm_bitreversal2.o)
                0x000000000800b544                arm_bitreversal_32
 .text.arm_sin_f32
                0x000000000800b584       0x8c /home/dan/STM32CubeIDE/workspace_1.5.1/444_Project_Group12/Project/Core/Lib/libarm_cortexM4lf_math.a(arm_sin_f32.o)
                0x000000000800b584                arm_sin_f32
 .text.arm_radix8_butterfly_f32
                0x000000000800b610      0x580 /home/dan/STM32CubeIDE/workspace_1.5.1/444_Project_Group12/Project/Core/Lib/libarm_cortexM4lf_math.a(arm_cfft_radix8_f32.o)
                0x000000000800b610                arm_radix8_butterfly_f32
 .text.__errno  0x000000000800bb90        0xc /home/dan/st/stm32cubeide_1.5.1/plugins/com.st.stm32cube.ide.mcu.externaltools.gnu-tools-for-stm32.7-2018-q2-update.linux64_1.5.0.202011040924/tools/bin/../lib/gcc/arm-none-eabi/7.3.1/../../../../arm-none-eabi/lib/thumb/v7e-m/fpv4-sp/hard/libc_nano.a(lib_a-errno.o)
                0x000000000800bb90                __errno
 .text.__libc_init_array
                0x000000000800bb9c       0x48 /home/dan/st/stm32cubeide_1.5.1/plugins/com.st.stm32cube.ide.mcu.externaltools.gnu-tools-for-stm32.7-2018-q2-update.linux64_1.5.0.202011040924/tools/bin/../lib/gcc/arm-none-eabi/7.3.1/../../../../arm-none-eabi/lib/thumb/v7e-m/fpv4-sp/hard/libc_nano.a(lib_a-init.o)
                0x000000000800bb9c                __libc_init_array
 .text.malloc   0x000000000800bbe4       0x10 /home/dan/st/stm32cubeide_1.5.1/plugins/com.st.stm32cube.ide.mcu.externaltools.gnu-tools-for-stm32.7-2018-q2-update.linux64_1.5.0.202011040924/tools/bin/../lib/gcc/arm-none-eabi/7.3.1/../../../../arm-none-eabi/lib/thumb/v7e-m/fpv4-sp/hard/libc_nano.a(lib_a-malloc.o)
                0x000000000800bbe4                malloc
 .text.memcpy   0x000000000800bbf4       0x16 /home/dan/st/stm32cubeide_1.5.1/plugins/com.st.stm32cube.ide.mcu.externaltools.gnu-tools-for-stm32.7-2018-q2-update.linux64_1.5.0.202011040924/tools/bin/../lib/gcc/arm-none-eabi/7.3.1/../../../../arm-none-eabi/lib/thumb/v7e-m/fpv4-sp/hard/libc_nano.a(lib_a-memcpy-stub.o)
                0x000000000800bbf4                memcpy
 .text.memset   0x000000000800bc0a       0x10 /home/dan/st/stm32cubeide_1.5.1/plugins/com.st.stm32cube.ide.mcu.externaltools.gnu-tools-for-stm32.7-2018-q2-update.linux64_1.5.0.202011040924/tools/bin/../lib/gcc/arm-none-eabi/7.3.1/../../../../arm-none-eabi/lib/thumb/v7e-m/fpv4-sp/hard/libc_nano.a(lib_a-memset.o)
                0x000000000800bc0a                memset
 *fill*         0x000000000800bc1a        0x2 
 .text._free_r  0x000000000800bc1c       0x9c /home/dan/st/stm32cubeide_1.5.1/plugins/com.st.stm32cube.ide.mcu.externaltools.gnu-tools-for-stm32.7-2018-q2-update.linux64_1.5.0.202011040924/tools/bin/../lib/gcc/arm-none-eabi/7.3.1/../../../../arm-none-eabi/lib/thumb/v7e-m/fpv4-sp/hard/libc_nano.a(lib_a-nano-freer.o)
                0x000000000800bc1c                _free_r
 .text._malloc_r
                0x000000000800bcb8       0xb4 /home/dan/st/stm32cubeide_1.5.1/plugins/com.st.stm32cube.ide.mcu.externaltools.gnu-tools-for-stm32.7-2018-q2-update.linux64_1.5.0.202011040924/tools/bin/../lib/gcc/arm-none-eabi/7.3.1/../../../../arm-none-eabi/lib/thumb/v7e-m/fpv4-sp/hard/libc_nano.a(lib_a-nano-mallocr.o)
                0x000000000800bcb8                _malloc_r
 .text.rand     0x000000000800bd6c       0x68 /home/dan/st/stm32cubeide_1.5.1/plugins/com.st.stm32cube.ide.mcu.externaltools.gnu-tools-for-stm32.7-2018-q2-update.linux64_1.5.0.202011040924/tools/bin/../lib/gcc/arm-none-eabi/7.3.1/../../../../arm-none-eabi/lib/thumb/v7e-m/fpv4-sp/hard/libc_nano.a(lib_a-rand.o)
                0x000000000800bd6c                rand
 .text._sbrk_r  0x000000000800bdd4       0x20 /home/dan/st/stm32cubeide_1.5.1/plugins/com.st.stm32cube.ide.mcu.externaltools.gnu-tools-for-stm32.7-2018-q2-update.linux64_1.5.0.202011040924/tools/bin/../lib/gcc/arm-none-eabi/7.3.1/../../../../arm-none-eabi/lib/thumb/v7e-m/fpv4-sp/hard/libc_nano.a(lib_a-sbrkr.o)
                0x000000000800bdd4                _sbrk_r
 .text.sprintf  0x000000000800bdf4       0x40 /home/dan/st/stm32cubeide_1.5.1/plugins/com.st.stm32cube.ide.mcu.externaltools.gnu-tools-for-stm32.7-2018-q2-update.linux64_1.5.0.202011040924/tools/bin/../lib/gcc/arm-none-eabi/7.3.1/../../../../arm-none-eabi/lib/thumb/v7e-m/fpv4-sp/hard/libc_nano.a(lib_a-sprintf.o)
                0x000000000800bdf4                sprintf
                0x000000000800bdf4                siprintf
 .text.__malloc_lock
                0x000000000800be34        0x2 /home/dan/st/stm32cubeide_1.5.1/plugins/com.st.stm32cube.ide.mcu.externaltools.gnu-tools-for-stm32.7-2018-q2-update.linux64_1.5.0.202011040924/tools/bin/../lib/gcc/arm-none-eabi/7.3.1/../../../../arm-none-eabi/lib/thumb/v7e-m/fpv4-sp/hard/libc_nano.a(lib_a-mlock.o)
                0x000000000800be34                __malloc_lock
 .text.__malloc_unlock
                0x000000000800be36        0x2 /home/dan/st/stm32cubeide_1.5.1/plugins/com.st.stm32cube.ide.mcu.externaltools.gnu-tools-for-stm32.7-2018-q2-update.linux64_1.5.0.202011040924/tools/bin/../lib/gcc/arm-none-eabi/7.3.1/../../../../arm-none-eabi/lib/thumb/v7e-m/fpv4-sp/hard/libc_nano.a(lib_a-mlock.o)
                0x000000000800be36                __malloc_unlock
 .text.__ssputs_r
                0x000000000800be38       0xb4 /home/dan/st/stm32cubeide_1.5.1/plugins/com.st.stm32cube.ide.mcu.externaltools.gnu-tools-for-stm32.7-2018-q2-update.linux64_1.5.0.202011040924/tools/bin/../lib/gcc/arm-none-eabi/7.3.1/../../../../arm-none-eabi/lib/thumb/v7e-m/fpv4-sp/hard/libc_nano.a(lib_a-nano-svfprintf.o)
                0x000000000800be38                __ssputs_r
 .text._svfprintf_r
                0x000000000800beec      0x1f0 /home/dan/st/stm32cubeide_1.5.1/plugins/com.st.stm32cube.ide.mcu.externaltools.gnu-tools-for-stm32.7-2018-q2-update.linux64_1.5.0.202011040924/tools/bin/../lib/gcc/arm-none-eabi/7.3.1/../../../../arm-none-eabi/lib/thumb/v7e-m/fpv4-sp/hard/libc_nano.a(lib_a-nano-svfprintf.o)
                0x000000000800beec                _svfprintf_r
                0x000000000800beec                _svfiprintf_r
 .text._printf_common
                0x000000000800c0dc       0xea /home/dan/st/stm32cubeide_1.5.1/plugins/com.st.stm32cube.ide.mcu.externaltools.gnu-tools-for-stm32.7-2018-q2-update.linux64_1.5.0.202011040924/tools/bin/../lib/gcc/arm-none-eabi/7.3.1/../../../../arm-none-eabi/lib/thumb/v7e-m/fpv4-sp/hard/libc_nano.a(lib_a-nano-vfprintf_i.o)
                0x000000000800c0dc                _printf_common
 *fill*         0x000000000800c1c6        0x2 
 .text._printf_i
                0x000000000800c1c8      0x224 /home/dan/st/stm32cubeide_1.5.1/plugins/com.st.stm32cube.ide.mcu.externaltools.gnu-tools-for-stm32.7-2018-q2-update.linux64_1.5.0.202011040924/tools/bin/../lib/gcc/arm-none-eabi/7.3.1/../../../../arm-none-eabi/lib/thumb/v7e-m/fpv4-sp/hard/libc_nano.a(lib_a-nano-vfprintf_i.o)
                0x000000000800c1c8                _printf_i
 .text.memmove  0x000000000800c3ec       0x32 /home/dan/st/stm32cubeide_1.5.1/plugins/com.st.stm32cube.ide.mcu.externaltools.gnu-tools-for-stm32.7-2018-q2-update.linux64_1.5.0.202011040924/tools/bin/../lib/gcc/arm-none-eabi/7.3.1/../../../../arm-none-eabi/lib/thumb/v7e-m/fpv4-sp/hard/libc_nano.a(lib_a-memmove.o)
                0x000000000800c3ec                memmove
 .text._realloc_r
                0x000000000800c41e       0x4c /home/dan/st/stm32cubeide_1.5.1/plugins/com.st.stm32cube.ide.mcu.externaltools.gnu-tools-for-stm32.7-2018-q2-update.linux64_1.5.0.202011040924/tools/bin/../lib/gcc/arm-none-eabi/7.3.1/../../../../arm-none-eabi/lib/thumb/v7e-m/fpv4-sp/hard/libc_nano.a(lib_a-nano-reallocr.o)
                0x000000000800c41e                _realloc_r
 .text._malloc_usable_size_r
                0x000000000800c46a       0x10 /home/dan/st/stm32cubeide_1.5.1/plugins/com.st.stm32cube.ide.mcu.externaltools.gnu-tools-for-stm32.7-2018-q2-update.linux64_1.5.0.202011040924/tools/bin/../lib/gcc/arm-none-eabi/7.3.1/../../../../arm-none-eabi/lib/thumb/v7e-m/fpv4-sp/hard/libc_nano.a(lib_a-nano-msizer.o)
                0x000000000800c46a                _malloc_usable_size_r
 *fill*         0x000000000800c47a        0x2 
 .text.sqrt     0x000000000800c47c       0xb4 /home/dan/st/stm32cubeide_1.5.1/plugins/com.st.stm32cube.ide.mcu.externaltools.gnu-tools-for-stm32.7-2018-q2-update.linux64_1.5.0.202011040924/tools/bin/../lib/gcc/arm-none-eabi/7.3.1/../../../../arm-none-eabi/lib/thumb/v7e-m/fpv4-sp/hard/libm.a(lib_a-w_sqrt.o)
                0x000000000800c47c                sqrt
 .text.log10f   0x000000000800c530       0xec /home/dan/st/stm32cubeide_1.5.1/plugins/com.st.stm32cube.ide.mcu.externaltools.gnu-tools-for-stm32.7-2018-q2-update.linux64_1.5.0.202011040924/tools/bin/../lib/gcc/arm-none-eabi/7.3.1/../../../../arm-none-eabi/lib/thumb/v7e-m/fpv4-sp/hard/libm.a(lib_a-wf_log10.o)
                0x000000000800c530                log10f
 .text.__ieee754_sqrt
                0x000000000800c61c      0x160 /home/dan/st/stm32cubeide_1.5.1/plugins/com.st.stm32cube.ide.mcu.externaltools.gnu-tools-for-stm32.7-2018-q2-update.linux64_1.5.0.202011040924/tools/bin/../lib/gcc/arm-none-eabi/7.3.1/../../../../arm-none-eabi/lib/thumb/v7e-m/fpv4-sp/hard/libm.a(lib_a-e_sqrt.o)
                0x000000000800c61c                __ieee754_sqrt
 .text.__ieee754_log10f
                0x000000000800c77c       0xac /home/dan/st/stm32cubeide_1.5.1/plugins/com.st.stm32cube.ide.mcu.externaltools.gnu-tools-for-stm32.7-2018-q2-update.linux64_1.5.0.202011040924/tools/bin/../lib/gcc/arm-none-eabi/7.3.1/../../../../arm-none-eabi/lib/thumb/v7e-m/fpv4-sp/hard/libm.a(lib_a-ef_log10.o)
                0x000000000800c77c                __ieee754_log10f
 .text.matherr  0x000000000800c828        0x4 /home/dan/st/stm32cubeide_1.5.1/plugins/com.st.stm32cube.ide.mcu.externaltools.gnu-tools-for-stm32.7-2018-q2-update.linux64_1.5.0.202011040924/tools/bin/../lib/gcc/arm-none-eabi/7.3.1/../../../../arm-none-eabi/lib/thumb/v7e-m/fpv4-sp/hard/libm.a(lib_a-s_matherr.o)
                0x000000000800c828                matherr
 *fill*         0x000000000800c82c        0x4 
 .text.nan      0x000000000800c830       0x10 /home/dan/st/stm32cubeide_1.5.1/plugins/com.st.stm32cube.ide.mcu.externaltools.gnu-tools-for-stm32.7-2018-q2-update.linux64_1.5.0.202011040924/tools/bin/../lib/gcc/arm-none-eabi/7.3.1/../../../../arm-none-eabi/lib/thumb/v7e-m/fpv4-sp/hard/libm.a(lib_a-s_nan.o)
                0x000000000800c830                nan
 .text.__ieee754_logf
                0x000000000800c840      0x1dc /home/dan/st/stm32cubeide_1.5.1/plugins/com.st.stm32cube.ide.mcu.externaltools.gnu-tools-for-stm32.7-2018-q2-update.linux64_1.5.0.202011040924/tools/bin/../lib/gcc/arm-none-eabi/7.3.1/../../../../arm-none-eabi/lib/thumb/v7e-m/fpv4-sp/hard/libm.a(lib_a-ef_log.o)
                0x000000000800c840                __ieee754_logf
 *(.glue_7)
 .glue_7        0x000000000800ca1c        0x0 linker stubs
 *(.glue_7t)
 .glue_7t       0x000000000800ca1c        0x0 linker stubs
 *(.eh_frame)
 .eh_frame      0x000000000800ca1c        0x0 /home/dan/st/stm32cubeide_1.5.1/plugins/com.st.stm32cube.ide.mcu.externaltools.gnu-tools-for-stm32.7-2018-q2-update.linux64_1.5.0.202011040924/tools/bin/../lib/gcc/arm-none-eabi/7.3.1/thumb/v7e-m/fpv4-sp/hard/crtbegin.o
 *(.init)
 .init          0x000000000800ca1c        0x4 /home/dan/st/stm32cubeide_1.5.1/plugins/com.st.stm32cube.ide.mcu.externaltools.gnu-tools-for-stm32.7-2018-q2-update.linux64_1.5.0.202011040924/tools/bin/../lib/gcc/arm-none-eabi/7.3.1/thumb/v7e-m/fpv4-sp/hard/crti.o
                0x000000000800ca1c                _init
 .init          0x000000000800ca20        0x8 /home/dan/st/stm32cubeide_1.5.1/plugins/com.st.stm32cube.ide.mcu.externaltools.gnu-tools-for-stm32.7-2018-q2-update.linux64_1.5.0.202011040924/tools/bin/../lib/gcc/arm-none-eabi/7.3.1/thumb/v7e-m/fpv4-sp/hard/crtn.o
 *(.fini)
 .fini          0x000000000800ca28        0x4 /home/dan/st/stm32cubeide_1.5.1/plugins/com.st.stm32cube.ide.mcu.externaltools.gnu-tools-for-stm32.7-2018-q2-update.linux64_1.5.0.202011040924/tools/bin/../lib/gcc/arm-none-eabi/7.3.1/thumb/v7e-m/fpv4-sp/hard/crti.o
                0x000000000800ca28                _fini
 .fini          0x000000000800ca2c        0x8 /home/dan/st/stm32cubeide_1.5.1/plugins/com.st.stm32cube.ide.mcu.externaltools.gnu-tools-for-stm32.7-2018-q2-update.linux64_1.5.0.202011040924/tools/bin/../lib/gcc/arm-none-eabi/7.3.1/thumb/v7e-m/fpv4-sp/hard/crtn.o
                0x000000000800ca34                . = ALIGN (0x4)
                0x000000000800ca34                _etext = .

.vfp11_veneer   0x000000000800ca34        0x0
 .vfp11_veneer  0x000000000800ca34        0x0 linker stubs

.v4_bx          0x000000000800ca34        0x0
 .v4_bx         0x000000000800ca34        0x0 linker stubs

.iplt           0x000000000800ca34        0x0
 .iplt          0x000000000800ca34        0x0 /home/dan/st/stm32cubeide_1.5.1/plugins/com.st.stm32cube.ide.mcu.externaltools.gnu-tools-for-stm32.7-2018-q2-update.linux64_1.5.0.202011040924/tools/bin/../lib/gcc/arm-none-eabi/7.3.1/thumb/v7e-m/fpv4-sp/hard/crtbegin.o

.rodata         0x000000000800ca34    0x13e0c
                0x000000000800ca34                . = ALIGN (0x4)
 *(.rodata)
 .rodata        0x000000000800ca34      0x568 Core/Src/main.o
 .rodata        0x000000000800cf9c       0x10 Drivers/STM32L4xx_HAL_Driver/Src/stm32l4xx_hal_uart_ex.o
 .rodata        0x000000000800cfac        0x5 Middlewares/Third_Party/FreeRTOS/Source/tasks.o
 *(.rodata*)
 *fill*         0x000000000800cfb1        0x3 
 .rodata.AHBPrescTable
                0x000000000800cfb4       0x10 Core/Src/system_stm32l4xx.o
                0x000000000800cfb4                AHBPrescTable
 .rodata.APBPrescTable
                0x000000000800cfc4        0x8 Core/Src/system_stm32l4xx.o
                0x000000000800cfc4                APBPrescTable
 .rodata.MSIRangeTable
                0x000000000800cfcc       0x30 Core/Src/system_stm32l4xx.o
                0x000000000800cfcc                MSIRangeTable
 .rodata.UARTPrescTable
                0x000000000800cffc       0x18 Drivers/STM32L4xx_HAL_Driver/Src/stm32l4xx_hal_uart.o
                0x000000000800cffc                UARTPrescTable
 .rodata.armBitRevIndexTable1024
                0x000000000800d014      0xe10 /home/dan/STM32CubeIDE/workspace_1.5.1/444_Project_Group12/Project/Core/Lib/libarm_cortexM4lf_math.a(arm_common_tables.o)
                0x000000000800d014                armBitRevIndexTable1024
 .rodata.armBitRevIndexTable128
                0x000000000800de24      0x1a0 /home/dan/STM32CubeIDE/workspace_1.5.1/444_Project_Group12/Project/Core/Lib/libarm_cortexM4lf_math.a(arm_common_tables.o)
                0x000000000800de24                armBitRevIndexTable128
 .rodata.armBitRevIndexTable16
                0x000000000800dfc4       0x28 /home/dan/STM32CubeIDE/workspace_1.5.1/444_Project_Group12/Project/Core/Lib/libarm_cortexM4lf_math.a(arm_common_tables.o)
                0x000000000800dfc4                armBitRevIndexTable16
 .rodata.armBitRevIndexTable2048
                0x000000000800dfec     0x1dc0 /home/dan/STM32CubeIDE/workspace_1.5.1/444_Project_Group12/Project/Core/Lib/libarm_cortexM4lf_math.a(arm_common_tables.o)
                0x000000000800dfec                armBitRevIndexTable2048
 .rodata.armBitRevIndexTable256
                0x000000000800fdac      0x370 /home/dan/STM32CubeIDE/workspace_1.5.1/444_Project_Group12/Project/Core/Lib/libarm_cortexM4lf_math.a(arm_common_tables.o)
                0x000000000800fdac                armBitRevIndexTable256
 .rodata.armBitRevIndexTable32
                0x000000000801011c       0x60 /home/dan/STM32CubeIDE/workspace_1.5.1/444_Project_Group12/Project/Core/Lib/libarm_cortexM4lf_math.a(arm_common_tables.o)
                0x000000000801011c                armBitRevIndexTable32
 .rodata.armBitRevIndexTable512
                0x000000000801017c      0x380 /home/dan/STM32CubeIDE/workspace_1.5.1/444_Project_Group12/Project/Core/Lib/libarm_cortexM4lf_math.a(arm_common_tables.o)
                0x000000000801017c                armBitRevIndexTable512
 .rodata.sinTable_f32
                0x00000000080104fc      0x804 /home/dan/STM32CubeIDE/workspace_1.5.1/444_Project_Group12/Project/Core/Lib/libarm_cortexM4lf_math.a(arm_common_tables.o)
                0x00000000080104fc                sinTable_f32
 .rodata.twiddleCoef_1024
                0x0000000008010d00     0x2000 /home/dan/STM32CubeIDE/workspace_1.5.1/444_Project_Group12/Project/Core/Lib/libarm_cortexM4lf_math.a(arm_common_tables.o)
                0x0000000008010d00                twiddleCoef_1024
 .rodata.twiddleCoef_128
                0x0000000008012d00      0x400 /home/dan/STM32CubeIDE/workspace_1.5.1/444_Project_Group12/Project/Core/Lib/libarm_cortexM4lf_math.a(arm_common_tables.o)
                0x0000000008012d00                twiddleCoef_128
 .rodata.twiddleCoef_16
                0x0000000008013100       0x80 /home/dan/STM32CubeIDE/workspace_1.5.1/444_Project_Group12/Project/Core/Lib/libarm_cortexM4lf_math.a(arm_common_tables.o)
                0x0000000008013100                twiddleCoef_16
 .rodata.twiddleCoef_2048
                0x0000000008013180     0x4000 /home/dan/STM32CubeIDE/workspace_1.5.1/444_Project_Group12/Project/Core/Lib/libarm_cortexM4lf_math.a(arm_common_tables.o)
                0x0000000008013180                twiddleCoef_2048
 .rodata.twiddleCoef_256
                0x0000000008017180      0x800 /home/dan/STM32CubeIDE/workspace_1.5.1/444_Project_Group12/Project/Core/Lib/libarm_cortexM4lf_math.a(arm_common_tables.o)
                0x0000000008017180                twiddleCoef_256
 .rodata.twiddleCoef_32
                0x0000000008017980      0x100 /home/dan/STM32CubeIDE/workspace_1.5.1/444_Project_Group12/Project/Core/Lib/libarm_cortexM4lf_math.a(arm_common_tables.o)
                0x0000000008017980                twiddleCoef_32
 .rodata.twiddleCoef_512
                0x0000000008017a80     0x1000 /home/dan/STM32CubeIDE/workspace_1.5.1/444_Project_Group12/Project/Core/Lib/libarm_cortexM4lf_math.a(arm_common_tables.o)
                0x0000000008017a80                twiddleCoef_512
 .rodata.twiddleCoef_rfft_1024
                0x0000000008018a80     0x1000 /home/dan/STM32CubeIDE/workspace_1.5.1/444_Project_Group12/Project/Core/Lib/libarm_cortexM4lf_math.a(arm_common_tables.o)
                0x0000000008018a80                twiddleCoef_rfft_1024
 .rodata.twiddleCoef_rfft_2048
                0x0000000008019a80     0x2000 /home/dan/STM32CubeIDE/workspace_1.5.1/444_Project_Group12/Project/Core/Lib/libarm_cortexM4lf_math.a(arm_common_tables.o)
                0x0000000008019a80                twiddleCoef_rfft_2048
 .rodata.twiddleCoef_rfft_256
                0x000000000801ba80      0x400 /home/dan/STM32CubeIDE/workspace_1.5.1/444_Project_Group12/Project/Core/Lib/libarm_cortexM4lf_math.a(arm_common_tables.o)
                0x000000000801ba80                twiddleCoef_rfft_256
 .rodata.twiddleCoef_rfft_32
                0x000000000801be80       0x80 /home/dan/STM32CubeIDE/workspace_1.5.1/444_Project_Group12/Project/Core/Lib/libarm_cortexM4lf_math.a(arm_common_tables.o)
                0x000000000801be80                twiddleCoef_rfft_32
 .rodata.twiddleCoef_rfft_4096
                0x000000000801bf00     0x4000 /home/dan/STM32CubeIDE/workspace_1.5.1/444_Project_Group12/Project/Core/Lib/libarm_cortexM4lf_math.a(arm_common_tables.o)
                0x000000000801bf00                twiddleCoef_rfft_4096
 .rodata.twiddleCoef_rfft_512
                0x000000000801ff00      0x800 /home/dan/STM32CubeIDE/workspace_1.5.1/444_Project_Group12/Project/Core/Lib/libarm_cortexM4lf_math.a(arm_common_tables.o)
                0x000000000801ff00                twiddleCoef_rfft_512
 .rodata.twiddleCoef_rfft_64
                0x0000000008020700      0x100 /home/dan/STM32CubeIDE/workspace_1.5.1/444_Project_Group12/Project/Core/Lib/libarm_cortexM4lf_math.a(arm_common_tables.o)
                0x0000000008020700                twiddleCoef_rfft_64
 .rodata._svfprintf_r.str1.1
                0x0000000008020800       0x11 /home/dan/st/stm32cubeide_1.5.1/plugins/com.st.stm32cube.ide.mcu.externaltools.gnu-tools-for-stm32.7-2018-q2-update.linux64_1.5.0.202011040924/tools/bin/../lib/gcc/arm-none-eabi/7.3.1/../../../../arm-none-eabi/lib/thumb/v7e-m/fpv4-sp/hard/libc_nano.a(lib_a-nano-svfprintf.o)
 .rodata._printf_i.str1.1
                0x0000000008020811       0x22 /home/dan/st/stm32cubeide_1.5.1/plugins/com.st.stm32cube.ide.mcu.externaltools.gnu-tools-for-stm32.7-2018-q2-update.linux64_1.5.0.202011040924/tools/bin/../lib/gcc/arm-none-eabi/7.3.1/../../../../arm-none-eabi/lib/thumb/v7e-m/fpv4-sp/hard/libc_nano.a(lib_a-nano-vfprintf_i.o)
 .rodata.sqrt.str1.1
                0x0000000008020833        0x5 /home/dan/st/stm32cubeide_1.5.1/plugins/com.st.stm32cube.ide.mcu.externaltools.gnu-tools-for-stm32.7-2018-q2-update.linux64_1.5.0.202011040924/tools/bin/../lib/gcc/arm-none-eabi/7.3.1/../../../../arm-none-eabi/lib/thumb/v7e-m/fpv4-sp/hard/libm.a(lib_a-w_sqrt.o)
 .rodata.log10f.str1.1
                0x0000000008020838        0x7 /home/dan/st/stm32cubeide_1.5.1/plugins/com.st.stm32cube.ide.mcu.externaltools.gnu-tools-for-stm32.7-2018-q2-update.linux64_1.5.0.202011040924/tools/bin/../lib/gcc/arm-none-eabi/7.3.1/../../../../arm-none-eabi/lib/thumb/v7e-m/fpv4-sp/hard/libm.a(lib_a-wf_log10.o)
                                          0x8 (size before relaxing)
                0x0000000008020840                . = ALIGN (0x4)
 *fill*         0x000000000802083f        0x1 

.ARM.extab      0x0000000008020840        0x0
                0x0000000008020840                . = ALIGN (0x4)
 *(.ARM.extab* .gnu.linkonce.armextab.*)
                0x0000000008020840                . = ALIGN (0x4)

.ARM            0x0000000008020840        0x8
                0x0000000008020840                . = ALIGN (0x4)
                0x0000000008020840                __exidx_start = .
 *(.ARM.exidx*)
 .ARM.exidx     0x0000000008020840        0x8 /home/dan/st/stm32cubeide_1.5.1/plugins/com.st.stm32cube.ide.mcu.externaltools.gnu-tools-for-stm32.7-2018-q2-update.linux64_1.5.0.202011040924/tools/bin/../lib/gcc/arm-none-eabi/7.3.1/thumb/v7e-m/fpv4-sp/hard/libgcc.a(_udivmoddi4.o)
                0x0000000008020848                __exidx_end = .
                0x0000000008020848                . = ALIGN (0x4)

.rel.dyn        0x0000000008020848        0x0
 .rel.iplt      0x0000000008020848        0x0 /home/dan/st/stm32cubeide_1.5.1/plugins/com.st.stm32cube.ide.mcu.externaltools.gnu-tools-for-stm32.7-2018-q2-update.linux64_1.5.0.202011040924/tools/bin/../lib/gcc/arm-none-eabi/7.3.1/thumb/v7e-m/fpv4-sp/hard/crtbegin.o

.preinit_array  0x0000000008020848        0x0
                0x0000000008020848                . = ALIGN (0x4)
                0x0000000008020848                PROVIDE (__preinit_array_start = .)
 *(.preinit_array*)
                0x0000000008020848                PROVIDE (__preinit_array_end = .)
                0x0000000008020848                . = ALIGN (0x4)

.init_array     0x0000000008020848        0x4
                0x0000000008020848                . = ALIGN (0x4)
                0x0000000008020848                PROVIDE (__init_array_start = .)
 *(SORT_BY_NAME(.init_array.*))
 *(.init_array*)
 .init_array    0x0000000008020848        0x4 /home/dan/st/stm32cubeide_1.5.1/plugins/com.st.stm32cube.ide.mcu.externaltools.gnu-tools-for-stm32.7-2018-q2-update.linux64_1.5.0.202011040924/tools/bin/../lib/gcc/arm-none-eabi/7.3.1/thumb/v7e-m/fpv4-sp/hard/crtbegin.o
                0x000000000802084c                PROVIDE (__init_array_end = .)
                0x000000000802084c                . = ALIGN (0x4)

.fini_array     0x000000000802084c        0x4
                0x000000000802084c                . = ALIGN (0x4)
                [!provide]                        PROVIDE (__fini_array_start = .)
 *(SORT_BY_NAME(.fini_array.*))
 *(.fini_array*)
 .fini_array    0x000000000802084c        0x4 /home/dan/st/stm32cubeide_1.5.1/plugins/com.st.stm32cube.ide.mcu.externaltools.gnu-tools-for-stm32.7-2018-q2-update.linux64_1.5.0.202011040924/tools/bin/../lib/gcc/arm-none-eabi/7.3.1/thumb/v7e-m/fpv4-sp/hard/crtbegin.o
                [!provide]                        PROVIDE (__fini_array_end = .)
                0x0000000008020850                . = ALIGN (0x4)
                0x0000000008020850                _sidata = LOADADDR (.data)

.data           0x0000000020000000       0x7c load address 0x0000000008020850
                0x0000000020000000                . = ALIGN (0x4)
                0x0000000020000000                _sdata = .
 *(.data)
 *(.data*)
 .data.goalToneFreq
                0x0000000020000000        0x4 Core/Src/main.o
                0x0000000020000000                goalToneFreq
 .data.SystemCoreClock
                0x0000000020000004        0x4 Core/Src/system_stm32l4xx.o
                0x0000000020000004                SystemCoreClock
 .data.uwTickPrio
                0x0000000020000008        0x4 Drivers/STM32L4xx_HAL_Driver/Src/stm32l4xx_hal.o
                0x0000000020000008                uwTickPrio
 .data.uwTickFreq
                0x000000002000000c        0x1 Drivers/STM32L4xx_HAL_Driver/Src/stm32l4xx_hal.o
                0x000000002000000c                uwTickFreq
 *fill*         0x000000002000000d        0x3 
 .data.uxCriticalNesting
                0x0000000020000010        0x4 Middlewares/Third_Party/FreeRTOS/Source/portable/GCC/ARM_CM4F/port.o
 .data._impure_ptr
                0x0000000020000014        0x4 /home/dan/st/stm32cubeide_1.5.1/plugins/com.st.stm32cube.ide.mcu.externaltools.gnu-tools-for-stm32.7-2018-q2-update.linux64_1.5.0.202011040924/tools/bin/../lib/gcc/arm-none-eabi/7.3.1/../../../../arm-none-eabi/lib/thumb/v7e-m/fpv4-sp/hard/libc_nano.a(lib_a-impure.o)
                0x0000000020000014                _impure_ptr
 .data.impure_data
                0x0000000020000018       0x60 /home/dan/st/stm32cubeide_1.5.1/plugins/com.st.stm32cube.ide.mcu.externaltools.gnu-tools-for-stm32.7-2018-q2-update.linux64_1.5.0.202011040924/tools/bin/../lib/gcc/arm-none-eabi/7.3.1/../../../../arm-none-eabi/lib/thumb/v7e-m/fpv4-sp/hard/libc_nano.a(lib_a-impure.o)
 .data.__fdlib_version
                0x0000000020000078        0x1 /home/dan/st/stm32cubeide_1.5.1/plugins/com.st.stm32cube.ide.mcu.externaltools.gnu-tools-for-stm32.7-2018-q2-update.linux64_1.5.0.202011040924/tools/bin/../lib/gcc/arm-none-eabi/7.3.1/../../../../arm-none-eabi/lib/thumb/v7e-m/fpv4-sp/hard/libm.a(lib_a-s_lib_ver.o)
                0x0000000020000078                __fdlib_version
 *(.RamFunc)
 *(.RamFunc*)
                0x000000002000007c                . = ALIGN (0x4)
 *fill*         0x0000000020000079        0x3 
                0x000000002000007c                _edata = .

.igot.plt       0x000000002000007c        0x0 load address 0x00000000080208cc
 .igot.plt      0x000000002000007c        0x0 /home/dan/st/stm32cubeide_1.5.1/plugins/com.st.stm32cube.ide.mcu.externaltools.gnu-tools-for-stm32.7-2018-q2-update.linux64_1.5.0.202011040924/tools/bin/../lib/gcc/arm-none-eabi/7.3.1/thumb/v7e-m/fpv4-sp/hard/crtbegin.o
                0x000000002000007c                . = ALIGN (0x4)

.bss            0x000000002000007c    0x24f24 load address 0x00000000080208cc
                0x000000002000007c                _sbss = .
                0x000000002000007c                __bss_start__ = _sbss
 *(.bss)
 .bss           0x000000002000007c       0x1c /home/dan/st/stm32cubeide_1.5.1/plugins/com.st.stm32cube.ide.mcu.externaltools.gnu-tools-for-stm32.7-2018-q2-update.linux64_1.5.0.202011040924/tools/bin/../lib/gcc/arm-none-eabi/7.3.1/thumb/v7e-m/fpv4-sp/hard/crtbegin.o
 *(.bss*)
 .bss.xIdleTaskTCBBuffer
                0x0000000020000098       0x54 Core/Src/freertos.o
 .bss.xIdleStack
                0x00000000200000ec      0x200 Core/Src/freertos.o
 .bss.calibrationVal
                0x00000000200002ec        0x4 Core/Src/main.o
                0x00000000200002ec                calibrationVal
 .bss.isFirstHalfCycleComplete
                0x00000000200002f0        0x4 Core/Src/main.o
                0x00000000200002f0                isFirstHalfCycleComplete
 .bss.isSecondHalfCycleComplete
                0x00000000200002f4        0x4 Core/Src/main.o
                0x00000000200002f4                isSecondHalfCycleComplete
 .bss.potentialPoints
                0x00000000200002f8        0x4 Core/Src/main.o
                0x00000000200002f8                potentialPoints
 .bss.success   0x00000000200002fc        0x4 Core/Src/main.o
                0x00000000200002fc                success
 .bss.score     0x0000000020000300        0x4 Core/Src/main.o
                0x0000000020000300                score
 .bss.state     0x0000000020000304        0x4 Core/Src/main.o
                0x0000000020000304                state
 .bss.__sbrk_heap_end
                0x0000000020000308        0x4 Core/Src/sysmem.o
 .bss.pxCurrentTCB
                0x000000002000030c        0x4 Middlewares/Third_Party/FreeRTOS/Source/tasks.o
                0x000000002000030c                pxCurrentTCB
 .bss.pxReadyTasksLists
                0x0000000020000310       0x8c Middlewares/Third_Party/FreeRTOS/Source/tasks.o
 .bss.xDelayedTaskList1