main.c:82:5:main	24	static
main.c:143:6:SystemClock_Config	248	static
main.c:194:13:MX_NVIC_Init	8	static
main.c:214:13:MX_DAC1_Init	48	static
main.c:253:13:MX_DFSDM1_Init	8	static
main.c:305:13:MX_TIM2_Init	40	static
main.c:345:13:MX_DMA_Init	16	static
main.c:358:13:MX_GPIO_Init	24	static
main.c:368:6:HAL_DFSDM_FilterRegConvCpltCallback	24	static
main.c:378:6:HAL_DFSDM_FilterRegConvHalfCpltCallback	24	static
main.c:387:6:HAL_TIM_PeriodElapsedCallback	16	static
main.c:406:6:Error_Handler	4	static,ignoring_inline_asm
