02:38:33 **** Incremental Build of configuration Debug for project 444Lab4 ****
make -j8 all 
arm-none-eabi-gcc "../Core/Src/main.c" -mcpu=cortex-m4 -std=gnu11 -g3 -DUSE_HAL_DRIVER -DDEBUG -DSTM32L4S5xx -c -I../Core/Inc -I../Drivers/STM32L4xx_HAL_Driver/Inc -I../Drivers/STM32L4xx_HAL_Driver/Inc/Legacy -I../Drivers/CMSIS/Device/ST/STM32L4xx/Include -I../Drivers/CMSIS/Include -O0 -ffunction-sections -fdata-sections -Wall -fstack-usage -MMD -MP -MF"Core/Src/main.d" -MT"Core/Src/main.o" --specs=nano.specs -mfpu=fpv4-sp-d16 -mfloat-abi=hard -mthumb -o "Core/Src/main.o"
../Core/Src/main.c: In function 'main':
../Core/Src/main.c:160:4: warning: implicit declaration of function 'sprintf' [-Wimplicit-function-declaration]
    sprintf(msg, "    Humidity: %d                                  \r", humidity);
    ^~~~~~~
../Core/Src/main.c:160:4: warning: incompatible implicit declaration of built-in function 'sprintf'
../Core/Src/main.c:160:4: note: include '<stdio.h>' or provide a declaration of 'sprintf'
../Core/Src/main.c:165:4: warning: incompatible implicit declaration of built-in function 'sprintf'
    sprintf(msg, "    Pressure: %d                                  \r", pressure);
    ^~~~~~~
../Core/Src/main.c:165:4: note: include '<stdio.h>' or provide a declaration of 'sprintf'
../Core/Src/main.c:170:22: warning: passing argument 1 of 'BSP_MAGNETO_GetXYZ' from incompatible pointer type [-Wincompatible-pointer-types]
   BSP_MAGNETO_GetXYZ(shared_array);
                      ^~~~~~~~~~~~
In file included from ../Core/Src/main.c:28:0:
../Core/Inc/stm32l4s5i_iot01_magneto.h:66:6: note: expected 'int16_t * {aka short int *}' but argument is of type 'uint8_t * {aka unsigned char *}'
 void BSP_MAGNETO_GetXYZ(int16_t *pDataXYZ);
      ^~~~~~~~~~~~~~~~~~
../Core/Src/main.c:171:4: warning: incompatible implicit declaration of built-in function 'sprintf'
    sprintf(msg, "    Magnetometer value: X:%d, Y:%d, Z:%d    \r", (uint8_t)shared_array[0], (uint8_t)shared_array[1], (uint8_t)shared_array[2]);
    ^~~~~~~
../Core/Src/main.c:171:4: note: include '<stdio.h>' or provide a declaration of 'sprintf'
../Core/Src/main.c:175:27: warning: passing argument 1 of 'BSP_ACCELERO_AccGetXYZ' from incompatible pointer type [-Wincompatible-pointer-types]
    BSP_ACCELERO_AccGetXYZ(shared_array);
                           ^~~~~~~~~~~~
In file included from ../Core/Src/main.c:25:0:
../Core/Inc/stm32l4s5i_iot01_accelero.h:67:6: note: expected 'int16_t * {aka short int *}' but argument is of type 'uint8_t * {aka unsigned char *}'
 void BSP_ACCELERO_AccGetXYZ(int16_t *pDataXYZ);
      ^~~~~~~~~~~~~~~~~~~~~~
../Core/Src/main.c:176:4: warning: incompatible implicit declaration of built-in function 'sprintf'
    sprintf(msg, "    Acceleration value: X:%d, Y:%d, Z:%d    \r", (uint8_t)shared_array[0], (uint8_t)shared_array[1], (uint8_t)shared_array[2]);
    ^~~~~~~
../Core/Src/main.c:176:4: note: include '<stdio.h>' or provide a declaration of 'sprintf'
../Core/Src/main.c:180:30: warning: passing argument 2 of 'HAL_UART_Transmit' from incompatible pointer type [-Wincompatible-pointer-types]
   HAL_UART_Transmit(&huart1, &msg, sizeof(msg), HAL_MAX_DELAY);
                              ^
In file included from ../Core/Inc/stm32l4xx_hal_conf.h:449:0,
                 from ../Drivers/STM32L4xx_HAL_Driver/Inc/stm32l4xx_hal.h:30,
                 from ../Core/Inc/main.h:31,
                 from ../Core/Src/main.c:21:
../Drivers/STM32L4xx_HAL_Driver/Inc/stm32l4xx_hal_uart.h:1616:19: note: expected 'uint8_t * {aka unsigned char *}' but argument is of type 'char (*)[100]'
 HAL_StatusTypeDef HAL_UART_Transmit(UART_HandleTypeDef *huart, uint8_t *pData, uint16_t Size, uint32_t Timeout);
                   ^~~~~~~~~~~~~~~~~
arm-none-eabi-gcc -o "444Lab4.elf" @"objects.list"   -mcpu=cortex-m4 -T"/home/antler/STM32CubeIDE/workspace_1.5.1/444Lab4/STM32L4S5VITX_FLASH.ld" --specs=nosys.specs -Wl,-Map="444Lab4.map" -Wl,--gc-sections -static --specs=nano.specs -mfpu=fpv4-sp-d16 -mfloat-abi=hard -mthumb -Wl,--start-group -lc -lm -Wl,--end-group
Finished building target: 444Lab4.elf
 
arm-none-eabi-objdump -h -S  444Lab4.elf  > "444Lab4.list"
arm-none-eabi-objcopy  -O binary  444Lab4.elf  "444Lab4.bin"
arm-none-eabi-size   444Lab4.elf 
   text	   data	    bss	    dec	    hex	filename
  23808	    248	   2144	  26200	   6658	444Lab4.elf
Finished building: default.size.stdout
 
Finished building: 444Lab4.bin
 
Finished building: 444Lab4.list
 

02:38:34 Build Finished. 0 errors, 8 warnings. (took 1s.26ms)

